#
# A fatal error has been detected by the Java Runtime Environment:
#
#  SIGSEGV (0xb) at pc=0x00007f2fa44d70de, pid=36698, tid=36792
#
# JRE version: OpenJDK Runtime Environment Temurin-21.0.10+7 (21.0.10+7) (build 21.0.10+7-LTS)
# Java VM: OpenJDK 64-Bit Server VM Temurin-21.0.10+7 (21.0.10+7-LTS, mixed mode, sharing, tiered, compressed oops, compressed class ptrs, parallel gc, linux-amd64)
# Problematic frame:
# V  [libjvm.so+0x8d70de]  PhaseChaitin::interfere_with_live(unsigned int, IndexSet*) [clone .part.0]+0x25e
#
# Core dump will be written. Default location: Core dumps may be processed with "/usr/lib/systemd/systemd-coredump %P %u %g %s %t %c %h %d %F %I" (or dumping to /home/matthias/Dokumente/studium/I/Prog_2/core.36698)
#
# If you would like to submit a bug report, please visit:
#   https://github.com/adoptium/adoptium-support/issues
#

---------------  S U M M A R Y ------------

Command Line: --add-modules=ALL-SYSTEM --add-opens=java.base/java.util=ALL-UNNAMED --add-opens=java.base/java.lang=ALL-UNNAMED --add-opens=java.base/sun.nio.fs=ALL-UNNAMED -Declipse.application=org.eclipse.jdt.ls.core.id1 -Dosgi.bundles.defaultStartLevel=4 -Declipse.product=org.eclipse.jdt.ls.core.product -Djava.import.generatesMetadataFilesAtProjectRoot=false -DDetectVMInstallationsJob.disabled=true -Dfile.encoding=utf8 -XX:+UseParallelGC -XX:GCTimeRatio=4 -XX:AdaptiveSizePolicyWeight=90 -Dsun.zip.disableMemoryMapping=true -Xmx2G -Xms100m -Xlog:disable -javaagent:/home/matthias/.vscode-oss/extensions/redhat.java-1.54.0-linux-x64/lombok/lombok-1.18.39-4050.jar -XX:+HeapDumpOnOutOfMemoryError -XX:HeapDumpPath=/home/matthias/.config/VSCodium/User/workspaceStorage/7e48fe2b7041b112f6c58757e5e2ace9/redhat.java -Daether.dependencyCollector.impl=bf /home/matthias/.vscode-oss/extensions/redhat.java-1.54.0-linux-x64/server/plugins/org.eclipse.equinox.launcher_1.7.100.v20251111-0406.jar -configuration /home/matthias/.config/VSCodium/User/globalStorage/redhat.java/1.54.0/config_linux -data /home/matthias/.config/VSCodium/User/workspaceStorage/7e48fe2b7041b112f6c58757e5e2ace9/redhat.java/jdt_ws --pipe=/run/user/1000/lsp-86519560f93ae526904e98da3123094e.sock

Host: Intel(R) Core(TM) i7-10610U CPU @ 1.80GHz, 8 cores, 15G, CachyOS
Time: Mon Jun 29 14:18:17 2026 CEST elapsed time: 15.299809 seconds (0d 0h 0m 15s)

---------------  T H R E A D  ---------------

Current thread (0x00007f2f1c66d790):  JavaThread "C2 CompilerThread2" daemon [_thread_in_native, id=36792, stack(0x00007f2ecf8fa000,0x00007f2ecf9fa000) (1024K)]


Current CompileTask:
C2:15300 4580       4       java.lang.invoke.MethodType::makeImpl (109 bytes)

Stack: [0x00007f2ecf8fa000,0x00007f2ecf9fa000],  sp=0x00007f2ecf9f5ff0,  free space=1007k
Native frames: (J=compiled Java code, j=interpreted, Vv=VM code, C=native code)
V  [libjvm.so+0x8d70de]  PhaseChaitin::interfere_with_live(unsigned int, IndexSet*) [clone .part.0]+0x25e
V  [libjvm.so+0x8d829f]  PhaseChaitin::build_ifg_virtual()+0x44f
V  [libjvm.so+0x5c8caf]  PhaseChaitin::Register_Allocate()+0x1ef
V  [libjvm.so+0x671ba6]  Compile::Code_Gen()+0x326
V  [libjvm.so+0x675d1d]  Compile::Compile(ciEnv*, ciMethod*, int, Options, DirectiveSet*)+0x151d
V  [libjvm.so+0x59ad7b]  C2Compiler::compile_method(ciEnv*, ciMethod*, int, bool, DirectiveSet*)+0x18b
V  [libjvm.so+0x67bbce]  CompileBroker::invoke_compiler_on_method(CompileTask*)+0xc9e
V  [libjvm.so+0x67ef08]  CompileBroker::compiler_thread_loop()+0x738
V  [libjvm.so+0x92f8a8]  JavaThread::thread_main_inner()+0x1d8
V  [libjvm.so+0xf84d48]  Thread::call_run()+0xa8
V  [libjvm.so+0xd0e2da]  thread_native_entry(Thread*)+0xda

siginfo: si_signo: 11 (SIGSEGV), si_code: 128 (SI_KERNEL), si_addr: 0x0000000000000000

Registers:
RAX=0x00107f2fa5139d60, RBX=0x0000000000000922, RCX=0x00107f2fa5139d60, RDX=0x00007f2eb06aa3d0
RSP=0x00007f2ecf9f5ff0, RBP=0x00007f2ecf9f6060, RSI=0x0000000100000000, RDI=0x0000000100000000
R8 =0x0000000000000920, R9 =0x00007f2ecf9f6230, R10=0x0000000000000001, R11=0x0000000000000001
R12=0x000000000005b540, R13=0x00007f2ecf9f6000, R14=0x00007f2eb0728420, R15=0x00007f2ecf9f6540
RIP=0x00007f2fa44d70de, EFLAGS=0x0000000000010246, CSGSFS=0x002b000000000033, ERR=0x0000000000000000
  TRAPNO=0x000000000000000d

XMM[0]=0x0000000000000000 0x0000000000000000
XMM[1]=0xffffffffffffffff 0xffffffffffffffff
XMM[2]=0x00007f2eb05073c0 0x00007f2eb0503e20
XMM[3]=0x01ffffffffffffff 0xffffffffffffffff
XMM[4]=0x00007f2ef884ee68 0x00007f2ef8b4ebe0
XMM[5]=0x00007f2f0c001f50 0x00007f2f0c001f40
XMM[6]=0x00007f2ef8b4ebe0 0x00007f2ef8b4ebe0
XMM[7]=0x00007f2ef8b4ebe0 0x00007f2ef8b4ebe0
XMM[8]=0x00007f2ef8177fa0 0x00007f2ef8e8d4f0
XMM[9]=0x00007f2ef830b120 0x00007f2ef830b0c0
XMM[10]=0x00007f2ef830aac0 0x00007f2ef830ab80
XMM[11]=0x00007f2ef830ab20 0x00007f2ef830abe0
XMM[12]=0x00007f2ef830aa60 0x00007f2ef830aa00
XMM[13]=0x0000000000000000 0x00007f2ef830aee0
XMM[14]=0x0000000000000000 0x00007f2ef830afa0
XMM[15]=0x0000000000000000 0x00007f2ef830b060
  MXCSR=0x00001fa2


Register to memory mapping:

RAX=0x00107f2fa5139d60 is an unknown value
RBX=0x0000000000000922 is an unknown value
RCX=0x00107f2fa5139d60 is an unknown value
RDX=0x00007f2eb06aa3d0 points into unknown readable memory: 0x0000000900000007 | 07 00 00 00 09 00 00 00
RSP=0x00007f2ecf9f5ff0 is pointing into the stack for thread: 0x00007f2f1c66d790
RBP=0x00007f2ecf9f6060 is pointing into the stack for thread: 0x00007f2f1c66d790
RSI=0x0000000100000000 is an unknown value
RDI=0x0000000100000000 is an unknown value
R8 =0x0000000000000920 is an unknown value
R9 =0x00007f2ecf9f6230 is pointing into the stack for thread: 0x00007f2f1c66d790
R10=0x0000000000000001 is an unknown value
R11=0x0000000000000001 is an unknown value
R12=0x000000000005b540 is an unknown value
R13=0x00007f2ecf9f6000 is pointing into the stack for thread: 0x00007f2f1c66d790
R14=0x00007f2eb0728420 points into unknown readable memory: 0x0000000000000000 | 00 00 00 00 00 00 00 00
R15=0x00007f2ecf9f6540 is pointing into the stack for thread: 0x00007f2f1c66d790

Top of Stack: (sp=0x00007f2ecf9f5ff0)
0x00007f2ecf9f5ff0:   000008da185c3408 00007f2eb06aa3d0
0x00007f2ecf9f6000:   0000000000000002 0000000100000920
0x00007f2ecf9f6010:   0000000a0000000a 00007f2f1c6c4b20
0x00007f2ecf9f6020:   00007f2eb074f460 00007f2eb074f450
0x00007f2ecf9f6030:   00007f2ecf9f6140 00007f2ef844fde8
0x00007f2ecf9f6040:   00007f2eb074f450 00007f2ecf9f6540
0x00007f2ecf9f6050:   000000000000000e 0000000000000922
0x00007f2ecf9f6060:   00007f2ecf9f6140 00007f2fa44d829f
0x00007f2ecf9f6070:   00007f2eb0503e20 00007f2ecf9f60b0
0x00007f2ecf9f6080:   0000000000000018 000004f600000003
0x00007f2ecf9f6090:   00007f2e0000000f 0000000000000078
0x00007f2ecf9f60a0:   0000000000000070 00007f2ef8c87210
0x00007f2ecf9f60b0:   0000000000000000 0000000000000000
0x00007f2ecf9f60c0:   00007f2ecf9f62d0 00007f2e00000600
0x00007f2ecf9f60d0:   0000000000000008 00007f2fa4d2d924
0x00007f2ecf9f60e0:   0000000000000000 0000000000000000
0x00007f2ecf9f60f0:   0000000000000000 00007f2fa4d2d924
0x00007f2ecf9f6100:   000003e700000000 00007f2f1c66c700
0x00007f2ecf9f6110:   00007f2ecf9f64a0 00007f2ecf9f6540
0x00007f2ecf9f6120:   00007f2ecf9f6200 00007f2ecf9f6330
0x00007f2ecf9f6130:   00007f2f0c001f40 00007f2ecf9f62d0
0x00007f2ecf9f6140:   00007f2ecf9f6420 00007f2fa41c8caf
0x00007f2ecf9f6150:   0000000000000000 0000000000000000
0x00007f2ecf9f6160:   00000000000003d8 00007f2f0c002328
0x00007f2ecf9f6170:   00007f2ecf9f61d0 00007f2ecf9f6230
0x00007f2ecf9f6180:   00007f2eb0843dd0 00007f2f0c001f50
0x00007f2ecf9f6190:   00007f2f0c001f40 00007f2f0c001f50
0x00007f2ecf9f61a0:   00007f2ecf9f6200 00007f2f0c001f40
0x00007f2ecf9f61b0:   00007f2f0c001f50 00007f2f0c002328
0x00007f2ecf9f61c0:   00000000000003d8 00007f2eb0000038
0x00007f2ecf9f61d0:   000000000000a007 00007f2eb0001760
0x00007f2ecf9f61e0:   00007f2eb0001760 00007f2eb0001770 

Instructions: (pc=0x00007f2fa44d70de)
0x00007f2fa44d6fde:   8d 52 05 4c 09 d8 44 39 d6 72 79 4e 8b 5c d7 38
0x00007f2fa44d6fee:   4f 23 5c d6 38 44 8d 52 06 4c 09 d8 44 39 d6 72
0x00007f2fa44d6ffe:   63 4e 8b 5c d7 38 4f 23 5c d6 38 44 8d 52 07 4c
0x00007f2fa44d700e:   09 d8 44 39 d6 72 4d 4e 8b 5c d7 38 4f 23 5c d6
0x00007f2fa44d701e:   38 44 8d 52 08 4c 09 d8 44 39 d6 72 37 4e 8b 5c
0x00007f2fa44d702e:   d7 38 4f 23 5c d6 38 44 8d 52 09 4c 09 d8 44 39
0x00007f2fa44d703e:   d6 72 21 4e 8b 5c d7 38 83 c2 0a 4f 23 5c d6 38
0x00007f2fa44d704e:   4c 09 d8 39 d6 72 0d 49 8b 74 d6 38 48 23 74 d7
0x00007f2fa44d705e:   38 48 09 f0 48 85 c0 74 19 49 8b 51 10 39 cb 73
0x00007f2fa44d706e:   41 85 db 0f 85 90 00 00 00 66 0f 1f 84 00 00 00
0x00007f2fa44d707e:   00 00 48 8b 45 a0 48 85 c0 0f 85 7b fe ff ff 83
0x00007f2fa44d708e:   7d ac 03 76 08 8b 45 b4 39 45 b0 73 5d 4c 89 ef
0x00007f2fa44d709e:   e8 dd 9f 00 00 89 c1 e9 76 fe ff ff 66 0f 1f 44
0x00007f2fa44d70ae:   00 00 4c 01 e2 48 8b 72 08 89 c8 c1 e8 08 48 8b
0x00007f2fa44d70be:   04 c6 48 3b 05 c9 a3 c1 00 74 4d be 01 00 00 00
0x00007f2fa44d70ce:   48 d3 e6 c1 e9 06 83 e1 03 48 89 f7 48 8d 0c c8
0x00007f2fa44d70de:   48 8b 01 48 09 c7 48 89 39 48 85 c6 75 94 83 02
0x00007f2fa44d70ee:   01 eb 8f 0f 1f 80 00 00 00 00 48 83 c4 48 5b 41
0x00007f2fa44d70fe:   5c 41 5d 41 5e 41 5f 5d c3 4b 8d 04 80 89 d9 48
0x00007f2fa44d710e:   c1 e0 05 48 01 c2 eb 9d 89 ce 48 89 d7 89 4d 94
0x00007f2fa44d711e:   48 89 55 98 e8 e9 99 00 00 8b 4d 94 48 8b 55 98
0x00007f2fa44d712e:   eb 99 55 48 89 e5 41 54 49 89 f4 be 0c 00 00 00
0x00007f2fa44d713e:   53 48 89 fb e8 39 2e 48 00 4c 89 63 30 5b 41 5c
0x00007f2fa44d714e:   5d c3 55 48 89 e5 41 57 49 89 ff 41 56 41 55 41
0x00007f2fa44d715e:   54 53 89 f3 48 83 ec 18 89 77 28 48 8b 77 30 bf
0x00007f2fa44d716e:   20 00 00 00 e8 29 b8 b5 ff 49 8b 77 30 48 89 c7
0x00007f2fa44d717e:   49 89 c4 e8 8a bd 70 00 49 8b 7f 30 4d 89 67 38
0x00007f2fa44d718e:   41 89 dc 41 c6 47 18 00 4b 8d 34 a4 48 8b 47 18
0x00007f2fa44d719e:   48 8b 57 20 48 c1 e6 05 48 29 c2 48 39 d6 0f 87
0x00007f2fa44d71ae:   de 00 00 00 48 01 c6 48 89 77 18 4d 8b 47 30 49
0x00007f2fa44d71be:   89 47 10 4b 8d 04 a4 4d 8d 2c 84 49 8b 78 18 49
0x00007f2fa44d71ce:   8b 40 20 49 c1 e5 03 4c 89 ee 48 29 f8 49 39 c5 


Stack slot to memory mapping:

stack at sp + 0 slots: 0x000008da185c3408 is an unknown value
stack at sp + 1 slots: 0x00007f2eb06aa3d0 points into unknown readable memory: 0x0000000900000007 | 07 00 00 00 09 00 00 00
stack at sp + 2 slots: 0x0000000000000002 is an unknown value
stack at sp + 3 slots: 0x0000000100000920 is an unknown value
stack at sp + 4 slots: 0x0000000a0000000a is an unknown value
stack at sp + 5 slots: 0x00007f2f1c6c4b20 points into unknown readable memory: 0x0000000300000000 | 00 00 00 00 03 00 00 00
stack at sp + 6 slots: 0x00007f2eb074f460 points into unknown readable memory: 0x00007f2f1837c800 | 00 c8 37 18 2f 7f 00 00
stack at sp + 7 slots: 0x00007f2eb074f450 points into unknown readable memory: 0x0000000a0000000f | 0f 00 00 00 0a 00 00 00


---------------  P R O C E S S  ---------------

Threads class SMR info:
_java_thread_list=0x00007f2edc000880, length=24, elements={
0x00007f2f9c02b220, 0x00007f2f9c175820, 0x00007f2f9c176d60, 0x00007f2f9c1784c0,
0x00007f2f9c179ad0, 0x00007f2f9c17b040, 0x00007f2f9c17cb50, 0x00007f2f9c1861d0,
0x00007f2f9c1e4260, 0x00007f2f9c266720, 0x00007f2f9c448ba0, 0x00007f2f9c4a5bb0,
0x00007f2f081e8200, 0x00007f2f9c4a7b40, 0x00007f2ec444e680, 0x00007f2ec41373c0,
0x00007f2ec44bfd80, 0x00007f2ec4772740, 0x00007f2ea4002120, 0x00007f2f1c66ba10,
0x00007f2f1c66d790, 0x00007f2ea400aea0, 0x00007f2ec48a7a80, 0x00007f2ea8001b40
}

Java Threads: ( => current thread )
  0x00007f2f9c02b220 JavaThread "main"                              [_thread_blocked, id=36699, stack(0x00007f2fa3b00000,0x00007f2fa3c00000) (1024K)]
  0x00007f2f9c175820 JavaThread "Reference Handler"          daemon [_thread_blocked, id=36703, stack(0x00007f2f41def000,0x00007f2f41eef000) (1024K)]
  0x00007f2f9c176d60 JavaThread "Finalizer"                  daemon [_thread_blocked, id=36704, stack(0x00007f2f41900000,0x00007f2f41a00000) (1024K)]
  0x00007f2f9c1784c0 JavaThread "Signal Dispatcher"          daemon [_thread_blocked, id=36706, stack(0x00007f2f417ff000,0x00007f2f418ff000) (1024K)]
  0x00007f2f9c179ad0 JavaThread "Service Thread"             daemon [_thread_blocked, id=36707, stack(0x00007f2f416fe000,0x00007f2f417fe000) (1024K)]
  0x00007f2f9c17b040 JavaThread "Monitor Deflation Thread"   daemon [_thread_blocked, id=36708, stack(0x00007f2f415fd000,0x00007f2f416fd000) (1024K)]
  0x00007f2f9c17cb50 JavaThread "C2 CompilerThread0"         daemon [_thread_in_native, id=36709, stack(0x00007f2f414fc000,0x00007f2f415fc000) (1024K)]
  0x00007f2f9c1861d0 JavaThread "C1 CompilerThread0"         daemon [_thread_in_native, id=36710, stack(0x00007f2f413fb000,0x00007f2f414fb000) (1024K)]
  0x00007f2f9c1e4260 JavaThread "Common-Cleaner"             daemon [_thread_blocked, id=36720, stack(0x00007f2f412fa000,0x00007f2f413fa000) (1024K)]
  0x00007f2f9c266720 JavaThread "Notification Thread"        daemon [_thread_blocked, id=36727, stack(0x00007f2f411f9000,0x00007f2f412f9000) (1024K)]
  0x00007f2f9c448ba0 JavaThread "Active Thread: Equinox Container: 79e843f2-1cc9-4856-a8e1-037e82d53c91"        [_thread_blocked, id=36753, stack(0x00007f2f405ed000,0x00007f2f406ed000) (1024K)]
  0x00007f2f9c4a5bb0 JavaThread "Refresh Thread: Equinox Container: 79e843f2-1cc9-4856-a8e1-037e82d53c91" daemon [_thread_blocked, id=36756, stack(0x00007f2f410f8000,0x00007f2f411f8000) (1024K)]
  0x00007f2f081e8200 JavaThread "Framework Event Dispatcher: Equinox Container: 79e843f2-1cc9-4856-a8e1-037e82d53c91" daemon [_thread_blocked, id=36767, stack(0x00007f2f400e8000,0x00007f2f401e8000) (1024K)]
  0x00007f2f9c4a7b40 JavaThread "Start Level: Equinox Container: 79e843f2-1cc9-4856-a8e1-037e82d53c91" daemon [_thread_in_vm, id=36768, stack(0x00007f2ecff00000,0x00007f2ed0000000) (1024K)]
  0x00007f2ec444e680 JavaThread "Bundle File Closer"         daemon [_thread_blocked, id=36771, stack(0x00007f2ecfdff000,0x00007f2ecfeff000) (1024K)]
  0x00007f2ec41373c0 JavaThread "SCR Component Actor"        daemon [_thread_in_Java, id=36779, stack(0x00007f2f401e9000,0x00007f2f402e9000) (1024K)]
  0x00007f2ec44bfd80 JavaThread "Worker-JM"                         [_thread_blocked, id=36786, stack(0x00007f2ecfafc000,0x00007f2ecfbfc000) (1024K)]
  0x00007f2ec4772740 JavaThread "Worker-0: Updating Maven Dependencies"        [_thread_in_vm, id=36789, stack(0x00007f2ecf7f9000,0x00007f2ecf8f9000) (1024K)]
  0x00007f2ea4002120 JavaThread "Worker-1"                          [_thread_blocked, id=36790, stack(0x00007f2ecf6f8000,0x00007f2ecf7f8000) (1024K)]
  0x00007f2f1c66ba10 JavaThread "C2 CompilerThread1"         daemon [_thread_in_native, id=36791, stack(0x00007f2f40cf4000,0x00007f2f40df4000) (1024K)]
=>0x00007f2f1c66d790 JavaThread "C2 CompilerThread2"         daemon [_thread_in_native, id=36792, stack(0x00007f2ecf8fa000,0x00007f2ecf9fa000) (1024K)]
  0x00007f2ea400aea0 JavaThread "Worker-2: Repository registry initialization"        [_thread_blocked, id=36793, stack(0x00007f2ecf5f7000,0x00007f2ecf6f7000) (1024K)]
  0x00007f2ec48a7a80 JavaThread "Java indexing"              daemon [_thread_blocked, id=36794, stack(0x00007f2ecf4f6000,0x00007f2ecf5f6000) (1024K)]
  0x00007f2ea8001b40 JavaThread "Worker-3"                          [_thread_blocked, id=36795, stack(0x00007f2ecf3f5000,0x00007f2ecf4f5000) (1024K)]
Total: 24

Other Threads:
  0x00007f2f9c16c450 VMThread "VM Thread"                           [id=36702, stack(0x00007f2f41ef0000,0x00007f2f41ff0000) (1024K)]
  0x00007f2f9c052a70 WatcherThread "VM Periodic Task Thread"        [id=36701, stack(0x00007f2fa0037000,0x00007f2fa0137000) (1024K)]
  0x00007f2f9c043ab0 WorkerThread "GC Thread#0"                     [id=36700, stack(0x00007f2fa0214000,0x00007f2fa0314000) (1024K)]
  0x00007f2f30000f10 WorkerThread "GC Thread#1"                     [id=36735, stack(0x00007f2f40ff7000,0x00007f2f410f7000) (1024K)]
  0x00007f2f30002910 WorkerThread "GC Thread#2"                     [id=36736, stack(0x00007f2f40ef6000,0x00007f2f40ff6000) (1024K)]
  0x00007f2f300031f0 WorkerThread "GC Thread#3"                     [id=36737, stack(0x00007f2f40df5000,0x00007f2f40ef5000) (1024K)]
  0x00007f2f30003ed0 WorkerThread "GC Thread#4"                     [id=36755, stack(0x00007f2f404ec000,0x00007f2f405ec000) (1024K)]
  0x00007f2f30005030 WorkerThread "GC Thread#5"                     [id=36773, stack(0x00007f2ecfcfe000,0x00007f2ecfdfe000) (1024K)]
  0x00007f2f30005b90 WorkerThread "GC Thread#6"                     [id=36784, stack(0x00007f2ecfbfd000,0x00007f2ecfcfd000) (1024K)]
  0x00007f2f30006b60 WorkerThread "GC Thread#7"                     [id=36787, stack(0x00007f2ecf9fb000,0x00007f2ecfafb000) (1024K)]
Total: 10

Threads with active compile tasks:
C2 CompilerThread0  15327 4708       4       org.eclipse.osgi.internal.loader.classpath.ClasspathEntry::findEntry (56 bytes)
C1 CompilerThread0  15327 4743   !   3       java.lang.invoke.BootstrapMethodInvoker::invoke (974 bytes)
C2 CompilerThread1  15327 4454       4       org.lombokweb.asm.ClassReader::readMethod (1070 bytes)
C2 CompilerThread2  15327 4580       4       java.lang.invoke.MethodType::makeImpl (109 bytes)
Total: 4

VM state: not at safepoint (normal execution)

VM Mutex/Monitor currently owned by a thread: None

Heap address: 0x0000000080000000, size: 2048 MB, Compressed Oops mode: 32-bit

CDS archive(s) mapped at: [0x00007f2f43000000-0x00007f2f43bbb000-0x00007f2f43bbb000), size 12300288, SharedBaseAddress: 0x00007f2f43000000, ArchiveRelocationMode: 1.
Compressed class space mapped at: 0x00007f2f44000000-0x00007f2f84000000, reserved size: 1073741824
Narrow klass base: 0x00007f2f43000000, Narrow klass shift: 0, Narrow klass range: 0x100000000

GC Precious Log:
 CardTable entry size: 512
 CPUs: 8 total, 8 available
 Memory: 15618M
 Large Page Support: Disabled
 NUMA Support: Disabled
 Compressed Oops: Enabled (32-bit)
 Alignments: Space 512K, Generation 512K, Heap 2M
 Heap Min Capacity: 100M
 Heap Initial Capacity: 100M
 Heap Max Capacity: 2G
 Pre-touch: Disabled
 Parallel Workers: 8

Heap:
 PSYoungGen      total 23552K, used 22130K [0x00000000d5580000, 0x00000000d7100000, 0x0000000100000000)
  eden space 22016K, 95% used [0x00000000d5580000,0x00000000d6a139d0,0x00000000d6b00000)
  from space 1536K, 69% used [0x00000000d6f00000,0x00000000d70091b8,0x00000000d7080000)
  to   space 512K, 0% used [0x00000000d7080000,0x00000000d7080000,0x00000000d7100000)
 ParOldGen       total 68608K, used 15637K [0x0000000080000000, 0x0000000084300000, 0x00000000d5580000)
  object space 68608K, 22% used [0x0000000080000000,0x0000000080f454d8,0x0000000084300000)
 Metaspace       used 30971K, committed 31872K, reserved 1114112K
  class space    used 3081K, committed 3456K, reserved 1048576K

Card table byte_map: [0x00007f2fa0314000,0x00007f2fa0715000] _byte_map_base: 0x00007f2f9ff14000

Marking Bits: (ParMarkBitMap*) 0x00007f2fa515a140
 Begin Bits: [0x00007f2f84000000, 0x00007f2f86000000)
 End Bits:   [0x00007f2f86000000, 0x00007f2f88000000)

Polling page: 0x00007f2fa55a8000

Metaspace:

Usage:
  Non-class:     27,24 MB used.
      Class:      3,01 MB used.
       Both:     30,25 MB used.

Virtual space:
  Non-class space:       64,00 MB reserved,      27,75 MB ( 43%) committed,  1 nodes.
      Class space:        1,00 GB reserved,       3,38 MB ( <1%) committed,  1 nodes.
             Both:        1,06 GB reserved,      31,12 MB (  3%) committed. 

Chunk freelists:
   Non-Class:  4,16 MB
       Class:  12,67 MB
        Both:  16,83 MB

MaxMetaspaceSize: unlimited
CompressedClassSpaceSize: 1,00 GB
Initial GC threshold: 21,00 MB
Current GC threshold: 35,00 MB
CDS: on
 - commit_granule_bytes: 65536.
 - commit_granule_words: 8192.
 - virtual_space_node_default_size: 8388608.
 - enlarge_chunks_in_place: 1.
 - use_allocation_guard: 0.


Internal statistics:

num_allocs_failed_limit: 3.
num_arena_births: 658.
num_arena_deaths: 14.
num_vsnodes_births: 2.
num_vsnodes_deaths: 0.
num_space_committed: 498.
num_space_uncommitted: 0.
num_chunks_returned_to_freelist: 17.
num_chunks_taken_from_freelist: 1854.
num_chunk_merges: 7.
num_chunk_splits: 1203.
num_chunks_enlarged: 768.
num_inconsistent_stats: 0.

CodeHeap 'non-profiled nmethods': size=120028Kb used=2300Kb max_used=2300Kb free=117727Kb
 bounds [0x00007f2f94ac9000, 0x00007f2f94d39000, 0x00007f2f9c000000]
CodeHeap 'profiled nmethods': size=120028Kb used=9775Kb max_used=9775Kb free=110252Kb
 bounds [0x00007f2f8d000000, 0x00007f2f8d990000, 0x00007f2f94537000]
CodeHeap 'non-nmethods': size=5704Kb used=1323Kb max_used=1350Kb free=4380Kb
 bounds [0x00007f2f94537000, 0x00007f2f947a7000, 0x00007f2f94ac9000]
CodeCache: size=245760Kb, used=13398Kb, max_used=13425Kb, free=232359Kb
 total_blobs=5334, nmethods=4713, adapters=528, full_count=0
Compilation: enabled, stopped_count=0, restarted_count=0

Compilation events (20 events):
Event: 15,233 Thread 0x00007f2f9c1861d0 nmethod 4723 0x00007f2f8d97d390 code [0x00007f2f8d97d560, 0x00007f2f8d97da38]
Event: 15,233 Thread 0x00007f2f9c1861d0 4724       3       java.util.concurrent.ScheduledThreadPoolExecutor$DelayedWorkQueue::setIndex (16 bytes)
Event: 15,237 Thread 0x00007f2f9c1861d0 nmethod 4724 0x00007f2f8d97db90 code [0x00007f2f8d97dd40, 0x00007f2f8d97e040]
Event: 15,242 Thread 0x00007f2f9c17cb50 nmethod 4711 0x00007f2f94d06b90 code [0x00007f2f94d06d80, 0x00007f2f94d07450]
Event: 15,243 Thread 0x00007f2f9c17cb50 4708       4       org.eclipse.osgi.internal.loader.classpath.ClasspathEntry::findEntry (56 bytes)
Event: 15,245 Thread 0x00007f2f9c1861d0 4725       3       java.util.TreeMap::getEntryUsingComparator (74 bytes)
Event: 15,246 Thread 0x00007f2f9c1861d0 nmethod 4725 0x00007f2f8d97e110 code [0x00007f2f8d97e2e0, 0x00007f2f8d97e670]
Event: 15,247 Thread 0x00007f2f9c1861d0 4726       3       java.lang.Class::newReflectionData (66 bytes)
Event: 15,251 Thread 0x00007f2f9c1861d0 nmethod 4726 0x00007f2f8d97e790 code [0x00007f2f8d97e9a0, 0x00007f2f8d97f1e0]
Event: 15,251 Thread 0x00007f2f9c1861d0 4728       3       java.lang.invoke.Invokers::callSiteForm (297 bytes)
Event: 15,257 Thread 0x00007f2f9c1861d0 nmethod 4728 0x00007f2f8d97f510 code [0x00007f2f8d97f820, 0x00007f2f8d980ac0]
Event: 15,257 Thread 0x00007f2f9c1861d0 4732       2       java.util.HashSet::add (20 bytes)
Event: 15,258 Thread 0x00007f2f9c1861d0 nmethod 4732 0x00007f2f8d981390 code [0x00007f2f8d981540, 0x00007f2f8d981688]
Event: 15,258 Thread 0x00007f2f9c1861d0 4731   !   3       java.util.concurrent.locks.LockSupport::parkNanos (56 bytes)
Event: 15,259 Thread 0x00007f2f9c1861d0 nmethod 4731 0x00007f2f8d981710 code [0x00007f2f8d981900, 0x00007f2f8d981d38]
Event: 15,265 Thread 0x00007f2f9c1861d0 4733       1       java.lang.reflect.Constructor::getConstructorAccessor (5 bytes)
Event: 15,265 Thread 0x00007f2f9c1861d0 nmethod 4733 0x00007f2f94d07990 code [0x00007f2f94d07b20, 0x00007f2f94d07be0]
Event: 15,265 Thread 0x00007f2f9c1861d0 4734       1       java.lang.reflect.Constructor::getRoot (5 bytes)
Event: 15,266 Thread 0x00007f2f9c1861d0 nmethod 4734 0x00007f2f94d07c90 code [0x00007f2f94d07e20, 0x00007f2f94d07ee0]
Event: 15,270 Thread 0x00007f2f9c1861d0 4735   !   3       java.util.concurrent.locks.AbstractQueuedSynchronizer::acquire (424 bytes)

GC Heap History (20 events):
Event: 5,415 GC heap before
{Heap before GC invocations=5 (full 0):
 PSYoungGen      total 29696K, used 29670K [0x00000000d5580000, 0x00000000d7680000, 0x0000000100000000)
  eden space 25600K, 100% used [0x00000000d5580000,0x00000000d6e80000,0x00000000d6e80000)
  from space 4096K, 99% used [0x00000000d7280000,0x00000000d7679828,0x00000000d7680000)
  to   space 4096K, 0% used [0x00000000d6e80000,0x00000000d6e80000,0x00000000d7280000)
 ParOldGen       total 68608K, used 11622K [0x0000000080000000, 0x0000000084300000, 0x00000000d5580000)
  object space 68608K, 16% used [0x0000000080000000,0x0000000080b59ad0,0x0000000084300000)
 Metaspace       used 9369K, committed 9728K, reserved 1114112K
  class space    used 960K, committed 1152K, reserved 1048576K
}
Event: 5,454 GC heap after
{Heap after GC invocations=5 (full 0):
 PSYoungGen      total 29184K, used 4070K [0x00000000d5580000, 0x00000000d7f00000, 0x0000000100000000)
  eden space 25088K, 0% used [0x00000000d5580000,0x00000000d5580000,0x00000000d6e00000)
  from space 4096K, 99% used [0x00000000d6e80000,0x00000000d7279820,0x00000000d7280000)
  to   space 8704K, 0% used [0x00000000d7680000,0x00000000d7680000,0x00000000d7f00000)
 ParOldGen       total 68608K, used 15071K [0x0000000080000000, 0x0000000084300000, 0x00000000d5580000)
  object space 68608K, 21% used [0x0000000080000000,0x0000000080eb7d10,0x0000000084300000)
 Metaspace       used 9369K, committed 9728K, reserved 1114112K
  class space    used 960K, committed 1152K, reserved 1048576K
}
Event: 6,788 GC heap before
{Heap before GC invocations=6 (full 0):
 PSYoungGen      total 29184K, used 29158K [0x00000000d5580000, 0x00000000d7f00000, 0x0000000100000000)
  eden space 25088K, 100% used [0x00000000d5580000,0x00000000d6e00000,0x00000000d6e00000)
  from space 4096K, 99% used [0x00000000d6e80000,0x00000000d7279820,0x00000000d7280000)
  to   space 8704K, 0% used [0x00000000d7680000,0x00000000d7680000,0x00000000d7f00000)
 ParOldGen       total 68608K, used 15071K [0x0000000080000000, 0x0000000084300000, 0x00000000d5580000)
  object space 68608K, 21% used [0x0000000080000000,0x0000000080eb7d10,0x0000000084300000)
 Metaspace       used 10127K, committed 10368K, reserved 1114112K
  class space    used 1044K, committed 1152K, reserved 1048576K
}
Event: 6,850 GC heap after
{Heap after GC invocations=6 (full 0):
 PSYoungGen      total 33280K, used 8343K [0x00000000d5580000, 0x00000000d7f00000, 0x0000000100000000)
  eden space 24576K, 0% used [0x00000000d5580000,0x00000000d5580000,0x00000000d6d80000)
  from space 8704K, 95% used [0x00000000d7680000,0x00000000d7ea5ca8,0x00000000d7f00000)
  to   space 8704K, 0% used [0x00000000d6e00000,0x00000000d6e00000,0x00000000d7680000)
 ParOldGen       total 68608K, used 15079K [0x0000000080000000, 0x0000000084300000, 0x00000000d5580000)
  object space 68608K, 21% used [0x0000000080000000,0x0000000080eb9d10,0x0000000084300000)
 Metaspace       used 10127K, committed 10368K, reserved 1114112K
  class space    used 1044K, committed 1152K, reserved 1048576K
}
Event: 9,492 GC heap before
{Heap before GC invocations=7 (full 0):
 PSYoungGen      total 33280K, used 32919K [0x00000000d5580000, 0x00000000d7f00000, 0x0000000100000000)
  eden space 24576K, 100% used [0x00000000d5580000,0x00000000d6d80000,0x00000000d6d80000)
  from space 8704K, 95% used [0x00000000d7680000,0x00000000d7ea5ca8,0x00000000d7f00000)
  to   space 8704K, 0% used [0x00000000d6e00000,0x00000000d6e00000,0x00000000d7680000)
 ParOldGen       total 68608K, used 15079K [0x0000000080000000, 0x0000000084300000, 0x00000000d5580000)
  object space 68608K, 21% used [0x0000000080000000,0x0000000080eb9d10,0x0000000084300000)
 Metaspace       used 13049K, committed 13440K, reserved 1114112K
  class space    used 1359K, committed 1536K, reserved 1048576K
}
Event: 9,535 GC heap after
{Heap after GC invocations=7 (full 0):
 PSYoungGen      total 29696K, used 5358K [0x00000000d5580000, 0x00000000d7a00000, 0x0000000100000000)
  eden space 24064K, 0% used [0x00000000d5580000,0x00000000d5580000,0x00000000d6d00000)
  from space 5632K, 95% used [0x00000000d6e00000,0x00000000d733b908,0x00000000d7380000)
  to   space 6656K, 0% used [0x00000000d7380000,0x00000000d7380000,0x00000000d7a00000)
 ParOldGen       total 68608K, used 18233K [0x0000000080000000, 0x0000000084300000, 0x00000000d5580000)
  object space 68608K, 26% used [0x0000000080000000,0x00000000811ce650,0x0000000084300000)
 Metaspace       used 13049K, committed 13440K, reserved 1114112K
  class space    used 1359K, committed 1536K, reserved 1048576K
}
Event: 11,026 GC heap before
{Heap before GC invocations=8 (full 0):
 PSYoungGen      total 29696K, used 29379K [0x00000000d5580000, 0x00000000d7a00000, 0x0000000100000000)
  eden space 24064K, 99% used [0x00000000d5580000,0x00000000d6cf5390,0x00000000d6d00000)
  from space 5632K, 95% used [0x00000000d6e00000,0x00000000d733b908,0x00000000d7380000)
  to   space 6656K, 0% used [0x00000000d7380000,0x00000000d7380000,0x00000000d7a00000)
 ParOldGen       total 68608K, used 18233K [0x0000000080000000, 0x0000000084300000, 0x00000000d5580000)
  object space 68608K, 26% used [0x0000000080000000,0x00000000811ce650,0x0000000084300000)
 Metaspace       used 15848K, committed 16448K, reserved 1114112K
  class space    used 1599K, committed 1856K, reserved 1048576K
}
Event: 11,054 GC heap after
{Heap after GC invocations=8 (full 0):
 PSYoungGen      total 29696K, used 6132K [0x00000000d5580000, 0x00000000d7980000, 0x0000000100000000)
  eden space 23552K, 0% used [0x00000000d5580000,0x00000000d5580000,0x00000000d6c80000)
  from space 6144K, 99% used [0x00000000d7380000,0x00000000d797d118,0x00000000d7980000)
  to   space 6656K, 0% used [0x00000000d6c80000,0x00000000d6c80000,0x00000000d7300000)
 ParOldGen       total 68608K, used 18761K [0x0000000080000000, 0x0000000084300000, 0x00000000d5580000)
  object space 68608K, 27% used [0x0000000080000000,0x0000000081252698,0x0000000084300000)
 Metaspace       used 15848K, committed 16448K, reserved 1114112K
  class space    used 1599K, committed 1856K, reserved 1048576K
}
Event: 13,018 GC heap before
{Heap before GC invocations=9 (full 0):
 PSYoungGen      total 29696K, used 29684K [0x00000000d5580000, 0x00000000d7980000, 0x0000000100000000)
  eden space 23552K, 100% used [0x00000000d5580000,0x00000000d6c80000,0x00000000d6c80000)
  from space 6144K, 99% used [0x00000000d7380000,0x00000000d797d118,0x00000000d7980000)
  to   space 6656K, 0% used [0x00000000d6c80000,0x00000000d6c80000,0x00000000d7300000)
 ParOldGen       total 68608K, used 18761K [0x0000000080000000, 0x0000000084300000, 0x00000000d5580000)
  object space 68608K, 27% used [0x0000000080000000,0x0000000081252698,0x0000000084300000)
 Metaspace       used 18718K, committed 19392K, reserved 1114112K
  class space    used 1913K, committed 2176K, reserved 1048576K
}
Event: 13,043 GC heap after
{Heap after GC invocations=9 (full 0):
 PSYoungGen      total 27648K, used 4532K [0x00000000d5580000, 0x00000000d7700000, 0x0000000100000000)
  eden space 23040K, 0% used [0x00000000d5580000,0x00000000d5580000,0x00000000d6c00000)
  from space 4608K, 98% used [0x00000000d6c80000,0x00000000d70ed150,0x00000000d7100000)
  to   space 5632K, 0% used [0x00000000d7180000,0x00000000d7180000,0x00000000d7700000)
 ParOldGen       total 68608K, used 20707K [0x0000000080000000, 0x0000000084300000, 0x00000000d5580000)
  object space 68608K, 30% used [0x0000000080000000,0x0000000081438fb8,0x0000000084300000)
 Metaspace       used 18718K, committed 19392K, reserved 1114112K
  class space    used 1913K, committed 2176K, reserved 1048576K
}
Event: 13,755 GC heap before
{Heap before GC invocations=10 (full 0):
 PSYoungGen      total 27648K, used 24687K [0x00000000d5580000, 0x00000000d7700000, 0x0000000100000000)
  eden space 23040K, 87% used [0x00000000d5580000,0x00000000d692eaf8,0x00000000d6c00000)
  from space 4608K, 98% used [0x00000000d6c80000,0x00000000d70ed150,0x00000000d7100000)
  to   space 5632K, 0% used [0x00000000d7180000,0x00000000d7180000,0x00000000d7700000)
 ParOldGen       total 68608K, used 20707K [0x0000000080000000, 0x0000000084300000, 0x00000000d5580000)
  object space 68608K, 30% used [0x0000000080000000,0x0000000081438fb8,0x0000000084300000)
 Metaspace       used 20811K, committed 21504K, reserved 1114112K
  class space    used 2130K, committed 2432K, reserved 1048576K
}
Event: 13,765 GC heap after
{Heap after GC invocations=10 (full 0):
 PSYoungGen      total 25600K, used 2371K [0x00000000d5580000, 0x00000000d7400000, 0x0000000100000000)
  eden space 23040K, 0% used [0x00000000d5580000,0x00000000d5580000,0x00000000d6c00000)
  from space 2560K, 92% used [0x00000000d7180000,0x00000000d73d0d58,0x00000000d7400000)
  to   space 3584K, 0% used [0x00000000d6d00000,0x00000000d6d00000,0x00000000d7080000)
 ParOldGen       total 68608K, used 23877K [0x0000000080000000, 0x0000000084300000, 0x00000000d5580000)
  object space 68608K, 34% used [0x0000000080000000,0x0000000081751640,0x0000000084300000)
 Metaspace       used 20811K, committed 21504K, reserved 1114112K
  class space    used 2130K, committed 2432K, reserved 1048576K
}
Event: 13,765 GC heap before
{Heap before GC invocations=11 (full 1):
 PSYoungGen      total 25600K, used 2371K [0x00000000d5580000, 0x00000000d7400000, 0x0000000100000000)
  eden space 23040K, 0% used [0x00000000d5580000,0x00000000d5580000,0x00000000d6c00000)
  from space 2560K, 92% used [0x00000000d7180000,0x00000000d73d0d58,0x00000000d7400000)
  to   space 3584K, 0% used [0x00000000d6d00000,0x00000000d6d00000,0x00000000d7080000)
 ParOldGen       total 68608K, used 23877K [0x0000000080000000, 0x0000000084300000, 0x00000000d5580000)
  object space 68608K, 34% used [0x0000000080000000,0x0000000081751640,0x0000000084300000)
 Metaspace       used 20811K, committed 21504K, reserved 1114112K
  class space    used 2130K, committed 2432K, reserved 1048576K
}
Event: 13,874 GC heap after
{Heap after GC invocations=11 (full 1):
 PSYoungGen      total 25600K, used 0K [0x00000000d5580000, 0x00000000d7400000, 0x0000000100000000)
  eden space 23040K, 0% used [0x00000000d5580000,0x00000000d5580000,0x00000000d6c00000)
  from space 2560K, 0% used [0x00000000d7180000,0x00000000d7180000,0x00000000d7400000)
  to   space 3584K, 0% used [0x00000000d6d00000,0x00000000d6d00000,0x00000000d7080000)
 ParOldGen       total 68608K, used 13646K [0x0000000080000000, 0x0000000084300000, 0x00000000d5580000)
  object space 68608K, 19% used [0x0000000080000000,0x0000000080d53980,0x0000000084300000)
 Metaspace       used 20798K, committed 21504K, reserved 1114112K
  class space    used 2127K, committed 2432K, reserved 1048576K
}
Event: 14,185 GC heap before
{Heap before GC invocations=12 (full 1):
 PSYoungGen      total 25600K, used 23040K [0x00000000d5580000, 0x00000000d7400000, 0x0000000100000000)
  eden space 23040K, 100% used [0x00000000d5580000,0x00000000d6c00000,0x00000000d6c00000)
  from space 2560K, 0% used [0x00000000d7180000,0x00000000d7180000,0x00000000d7400000)
  to   space 3584K, 0% used [0x00000000d6d00000,0x00000000d6d00000,0x00000000d7080000)
 ParOldGen       total 68608K, used 13646K [0x0000000080000000, 0x0000000084300000, 0x00000000d5580000)
  object space 68608K, 19% used [0x0000000080000000,0x0000000080d53980,0x0000000084300000)
 Metaspace       used 23069K, committed 23808K, reserved 1114112K
  class space    used 2276K, committed 2624K, reserved 1048576K
}
Event: 14,187 GC heap after
{Heap after GC invocations=12 (full 1):
 PSYoungGen      total 26112K, used 224K [0x00000000d5580000, 0x00000000d7200000, 0x0000000100000000)
  eden space 22528K, 0% used [0x00000000d5580000,0x00000000d5580000,0x00000000d6b80000)
  from space 3584K, 6% used [0x00000000d6d00000,0x00000000d6d38000,0x00000000d7080000)
  to   space 1536K, 0% used [0x00000000d7080000,0x00000000d7080000,0x00000000d7200000)
 ParOldGen       total 68608K, used 13646K [0x0000000080000000, 0x0000000084300000, 0x00000000d5580000)
  object space 68608K, 19% used [0x0000000080000000,0x0000000080d53980,0x0000000084300000)
 Metaspace       used 23069K, committed 23808K, reserved 1114112K
  class space    used 2276K, committed 2624K, reserved 1048576K
}
Event: 14,523 GC heap before
{Heap before GC invocations=13 (full 1):
 PSYoungGen      total 26112K, used 22752K [0x00000000d5580000, 0x00000000d7200000, 0x0000000100000000)
  eden space 22528K, 100% used [0x00000000d5580000,0x00000000d6b80000,0x00000000d6b80000)
  from space 3584K, 6% used [0x00000000d6d00000,0x00000000d6d38000,0x00000000d7080000)
  to   space 1536K, 0% used [0x00000000d7080000,0x00000000d7080000,0x00000000d7200000)
 ParOldGen       total 68608K, used 13646K [0x0000000080000000, 0x0000000084300000, 0x00000000d5580000)
  object space 68608K, 19% used [0x0000000080000000,0x0000000080d53980,0x0000000084300000)
 Metaspace       used 25793K, committed 26560K, reserved 1114112K
  class space    used 2483K, committed 2816K, reserved 1048576K
}
Event: 14,528 GC heap after
{Heap after GC invocations=13 (full 1):
 PSYoungGen      total 23552K, used 1275K [0x00000000d5580000, 0x00000000d7200000, 0x0000000100000000)
  eden space 22016K, 0% used [0x00000000d5580000,0x00000000d5580000,0x00000000d6b00000)
  from space 1536K, 83% used [0x00000000d7080000,0x00000000d71beda0,0x00000000d7200000)
  to   space 1536K, 0% used [0x00000000d6f00000,0x00000000d6f00000,0x00000000d7080000)
 ParOldGen       total 68608K, used 14523K [0x0000000080000000, 0x0000000084300000, 0x00000000d5580000)
  object space 68608K, 21% used [0x0000000080000000,0x0000000080e2ee90,0x0000000084300000)
 Metaspace       used 25793K, committed 26560K, reserved 1114112K
  class space    used 2483K, committed 2816K, reserved 1048576K
}
Event: 14,883 GC heap before
{Heap before GC invocations=14 (full 1):
 PSYoungGen      total 23552K, used 23291K [0x00000000d5580000, 0x00000000d7200000, 0x0000000100000000)
  eden space 22016K, 100% used [0x00000000d5580000,0x00000000d6b00000,0x00000000d6b00000)
  from space 1536K, 83% used [0x00000000d7080000,0x00000000d71beda0,0x00000000d7200000)
  to   space 1536K, 0% used [0x00000000d6f00000,0x00000000d6f00000,0x00000000d7080000)
 ParOldGen       total 68608K, used 14523K [0x0000000080000000, 0x0000000084300000, 0x00000000d5580000)
  object space 68608K, 21% used [0x0000000080000000,0x0000000080e2ee90,0x0000000084300000)
 Metaspace       used 27600K, committed 28416K, reserved 1114112K
  class space    used 2654K, committed 3008K, reserved 1048576K
}
Event: 14,890 GC heap after
{Heap after GC invocations=14 (full 1):
 PSYoungGen      total 23552K, used 1060K [0x00000000d5580000, 0x00000000d7100000, 0x0000000100000000)
  eden space 22016K, 0% used [0x00000000d5580000,0x00000000d5580000,0x00000000d6b00000)
  from space 1536K, 69% used [0x00000000d6f00000,0x00000000d70091b8,0x00000000d7080000)
  to   space 512K, 0% used [0x00000000d7080000,0x00000000d7080000,0x00000000d7100000)
 ParOldGen       total 68608K, used 15637K [0x0000000080000000, 0x0000000084300000, 0x00000000d5580000)
  object space 68608K, 22% used [0x0000000080000000,0x0000000080f454d8,0x0000000084300000)
 Metaspace       used 27600K, committed 28416K, reserved 1114112K
  class space    used 2654K, committed 3008K, reserved 1048576K
}

Dll operation events (11 events):
Event: 0,005 Loaded shared library /home/matthias/.vscode-oss/extensions/redhat.java-1.54.0-linux-x64/jre/21.0.10-linux-x86_64/lib/libjava.so
Event: 0,200 Loaded shared library /home/matthias/.vscode-oss/extensions/redhat.java-1.54.0-linux-x64/jre/21.0.10-linux-x86_64/lib/libzip.so
Event: 0,280 Loaded shared library /home/matthias/.vscode-oss/extensions/redhat.java-1.54.0-linux-x64/jre/21.0.10-linux-x86_64/lib/libinstrument.so
Event: 0,290 Loaded shared library /home/matthias/.vscode-oss/extensions/redhat.java-1.54.0-linux-x64/jre/21.0.10-linux-x86_64/lib/libnio.so
Event: 0,299 Loaded shared library /home/matthias/.vscode-oss/extensions/redhat.java-1.54.0-linux-x64/jre/21.0.10-linux-x86_64/lib/libzip.so
Event: 0,365 Loaded shared library /home/matthias/.vscode-oss/extensions/redhat.java-1.54.0-linux-x64/jre/21.0.10-linux-x86_64/lib/libjimage.so
Event: 0,637 Loaded shared library /home/matthias/.vscode-oss/extensions/redhat.java-1.54.0-linux-x64/jre/21.0.10-linux-x86_64/lib/libverify.so
Event: 2,498 Loaded shared library /home/matthias/.vscode-oss/extensions/redhat.java-1.54.0-linux-x64/jre/21.0.10-linux-x86_64/lib/libnet.so
Event: 4,120 Loaded shared library /home/matthias/.config/VSCodium/User/globalStorage/redhat.java/1.54.0/config_linux/org.eclipse.equinox.launcher/org.eclipse.equinox.launcher.gtk.linux.x86_64_1.2.1500.v20250801-0854/eclipse_11916.so
Event: 11,122 Loaded shared library /home/matthias/.vscode-oss/extensions/redhat.java-1.54.0-linux-x64/jre/21.0.10-linux-x86_64/lib/libmanagement.so
Event: 11,129 Loaded shared library /home/matthias/.vscode-oss/extensions/redhat.java-1.54.0-linux-x64/jre/21.0.10-linux-x86_64/lib/libmanagement_ext.so

Deoptimization events (20 events):
Event: 14,765 Thread 0x00007f2ec4772740 DEOPT PACKING pc=0x00007f2f94cba55c sp=0x00007f2ecf8f6b70
Event: 14,765 Thread 0x00007f2ec4772740 DEOPT UNPACKING pc=0x00007f2f9458a399 sp=0x00007f2ecf8f6b48 mode 2
Event: 14,837 Thread 0x00007f2f9c4a7b40 Uncommon trap: trap_request=0xffffffc6 fr.pc=0x00007f2f94c976d4 relative=0x0000000000000114
Event: 14,837 Thread 0x00007f2f9c4a7b40 Uncommon trap: reason=bimorphic_or_optimized_type_check action=maybe_recompile pc=0x00007f2f94c976d4 method=java.util.AbstractList$Itr.hasNext()Z @ 8 c2
Event: 14,837 Thread 0x00007f2f9c4a7b40 DEOPT PACKING pc=0x00007f2f94c976d4 sp=0x00007f2ecfffccc0
Event: 14,837 Thread 0x00007f2f9c4a7b40 DEOPT UNPACKING pc=0x00007f2f9458a399 sp=0x00007f2ecfffcc78 mode 2
Event: 14,837 Thread 0x00007f2f9c4a7b40 Uncommon trap: trap_request=0xffffffc6 fr.pc=0x00007f2f94c987dc relative=0x000000000000035c
Event: 14,837 Thread 0x00007f2f9c4a7b40 Uncommon trap: reason=bimorphic_or_optimized_type_check action=maybe_recompile pc=0x00007f2f94c987dc method=java.util.AbstractList$Itr.next()Ljava/lang/Object; @ 14 c2
Event: 14,837 Thread 0x00007f2f9c4a7b40 DEOPT PACKING pc=0x00007f2f94c987dc sp=0x00007f2ecfffccb0
Event: 14,837 Thread 0x00007f2f9c4a7b40 DEOPT UNPACKING pc=0x00007f2f9458a399 sp=0x00007f2ecfffcc68 mode 2
Event: 14,891 Thread 0x00007f2ec4772740 Uncommon trap: trap_request=0xffffff45 fr.pc=0x00007f2f94cbca50 relative=0x0000000000000250
Event: 14,891 Thread 0x00007f2ec4772740 Uncommon trap: reason=unstable_if action=reinterpret pc=0x00007f2f94cbca50 method=java.util.concurrent.locks.ReentrantLock$Sync.lock()V @ 4 c2
Event: 14,891 Thread 0x00007f2ec4772740 DEOPT PACKING pc=0x00007f2f94cbca50 sp=0x00007f2ecf8f3250
Event: 14,891 Thread 0x00007f2ec4772740 DEOPT UNPACKING pc=0x00007f2f9458a399 sp=0x00007f2ecf8f3148 mode 2
Event: 15,012 Thread 0x00007f2f9c4a7b40 DEOPT PACKING pc=0x00007f2f8d905ad6 sp=0x00007f2ecfffce40
Event: 15,012 Thread 0x00007f2f9c4a7b40 DEOPT UNPACKING pc=0x00007f2f9458ab2f sp=0x00007f2ecfffc370 mode 0
Event: 15,103 Thread 0x00007f2f9c4a7b40 Uncommon trap: trap_request=0xffffff45 fr.pc=0x00007f2f94c514cc relative=0x00000000000003cc
Event: 15,103 Thread 0x00007f2f9c4a7b40 Uncommon trap: reason=unstable_if action=reinterpret pc=0x00007f2f94c514cc method=java.util.Properties.getProperty(Ljava/lang/String;)Ljava/lang/String; @ 36 c2
Event: 15,103 Thread 0x00007f2f9c4a7b40 DEOPT PACKING pc=0x00007f2f94c514cc sp=0x00007f2ecfffd880
Event: 15,103 Thread 0x00007f2f9c4a7b40 DEOPT UNPACKING pc=0x00007f2f9458a399 sp=0x00007f2ecfffd848 mode 2

Classes loaded (20 events):
Event: 15,225 Loading class sun/nio/cs/ISO_8859_9
Event: 15,226 Loading class sun/nio/cs/ISO_8859_9 done
Event: 15,226 Loading class sun/nio/cs/ISO_8859_6
Event: 15,226 Loading class sun/nio/cs/ISO_8859_6 done
Event: 15,227 Loading class sun/nio/cs/ISO_8859_7
Event: 15,227 Loading class sun/nio/cs/ISO_8859_7 done
Event: 15,230 Loading class sun/nio/cs/IBM850
Event: 15,230 Loading class sun/nio/cs/IBM850 done
Event: 15,231 Loading class sun/nio/cs/Big5
Event: 15,231 Loading class sun/nio/cs/Big5 done
Event: 15,237 Loading class sun/nio/cs/SJIS
Event: 15,237 Loading class sun/nio/cs/SJIS done
Event: 15,239 Loading class java/lang/reflect/UndeclaredThrowableException
Event: 15,239 Loading class java/lang/reflect/UndeclaredThrowableException done
Event: 15,247 Loading class java/lang/annotation/ElementType
Event: 15,247 Loading class java/lang/annotation/ElementType done
Event: 15,248 Loading class java/lang/annotation/Documented
Event: 15,248 Loading class java/lang/annotation/Documented done
Event: 15,267 Loading class sun/nio/cs/KOI8_R
Event: 15,267 Loading class sun/nio/cs/KOI8_R done

Classes unloaded (7 events):
Event: 13,790 Thread 0x00007f2f9c16c450 Unloading class 0x00007f2f441bc800 'java/lang/invoke/LambdaForm$MH+0x00007f2f441bc800'
Event: 13,791 Thread 0x00007f2f9c16c450 Unloading class 0x00007f2f441bc400 'java/lang/invoke/LambdaForm$MH+0x00007f2f441bc400'
Event: 13,791 Thread 0x00007f2f9c16c450 Unloading class 0x00007f2f441bc000 'java/lang/invoke/LambdaForm$MH+0x00007f2f441bc000'
Event: 13,791 Thread 0x00007f2f9c16c450 Unloading class 0x00007f2f441bbc00 'java/lang/invoke/LambdaForm$MH+0x00007f2f441bbc00'
Event: 13,791 Thread 0x00007f2f9c16c450 Unloading class 0x00007f2f441bb800 'java/lang/invoke/LambdaForm$BMH+0x00007f2f441bb800'
Event: 13,791 Thread 0x00007f2f9c16c450 Unloading class 0x00007f2f441bb400 'java/lang/invoke/LambdaForm$DMH+0x00007f2f441bb400'
Event: 13,791 Thread 0x00007f2f9c16c450 Unloading class 0x00007f2f441ba000 'java/lang/invoke/LambdaForm$DMH+0x00007f2f441ba000'

Classes redefined (0 events):
No events

Internal exceptions (20 events):
Event: 14,683 Thread 0x00007f2ea400aea0 Exception <a 'java/lang/NoSuchMethodError'{0x00000000d61f5c48}: 'java.lang.Object java.lang.invoke.DirectMethodHandle$Holder.invokeStaticInit(java.lang.Object, java.lang.Object, java.lang.Object, java.lang.Object, java.lang.Object, java.lang.Object, java.lang.Object)'> (0x00000000d61f5c48) 
thrown [src/hotspot/share/interpreter/linkResolver.cpp, line 772]
Event: 14,685 Thread 0x00007f2ea400aea0 Exception <a 'java/lang/NoSuchMethodError'{0x00000000d61fa590}: 'java.lang.Object java.lang.invoke.Invokers$Holder.invoke_MT(java.lang.Object, java.lang.Object, java.lang.Object, java.lang.Object, java.lang.Object, java.lang.Object, java.lang.Object, java.lang.Object, java.lang.Object)'> (0x00000000d61fa590) 
thrown [src/hotspot/share/interpreter/linkResolver.cpp, line 772]
Event: 14,703 Thread 0x00007f2ec4772740 Exception <a 'java/lang/NoSuchMethodError'{0x00000000d62e7c00}: 'int java.lang.invoke.DirectMethodHandle$Holder.invokeVirtual(java.lang.Object, java.lang.Object, java.lang.Object)'> (0x00000000d62e7c00) 
thrown [src/hotspot/share/interpreter/linkResolver.cpp, line 772]
Event: 14,705 Thread 0x00007f2ec4772740 Exception <a 'java/lang/NoSuchMethodError'{0x00000000d62ebf10}: 'int java.lang.invoke.DirectMethodHandle$Holder.invokeStaticInit(java.lang.Object, int, int)'> (0x00000000d62ebf10) 
thrown [src/hotspot/share/interpreter/linkResolver.cpp, line 772]
Event: 14,708 Thread 0x00007f2ec4772740 Exception <a 'java/lang/NoSuchMethodError'{0x00000000d62f38d0}: 'int java.lang.invoke.DirectMethodHandle$Holder.invokeStaticInit(java.lang.Object, long, long)'> (0x00000000d62f38d0) 
thrown [src/hotspot/share/interpreter/linkResolver.cpp, line 772]
Event: 14,710 Thread 0x00007f2ec4772740 Exception <a 'java/lang/NoSuchMethodError'{0x00000000d62fa5a8}: 'int java.lang.invoke.DirectMethodHandle$Holder.invokeStaticInit(java.lang.Object, float, float)'> (0x00000000d62fa5a8) 
thrown [src/hotspot/share/interpreter/linkResolver.cpp, line 772]
Event: 14,712 Thread 0x00007f2ec4772740 Exception <a 'java/lang/NoSuchMethodError'{0x00000000d63014d8}: 'int java.lang.invoke.DirectMethodHandle$Holder.invokeStaticInit(java.lang.Object, double, double)'> (0x00000000d63014d8) 
thrown [src/hotspot/share/interpreter/linkResolver.cpp, line 772]
Event: 14,713 Thread 0x00007f2ec4772740 Exception <a 'java/lang/NoSuchMethodError'{0x00000000d6305d38}: 'int java.lang.invoke.DirectMethodHandle$Holder.invokeStatic(java.lang.Object, long)'> (0x00000000d6305d38) 
thrown [src/hotspot/share/interpreter/linkResolver.cpp, line 772]
Event: 14,719 Thread 0x00007f2ec4772740 Exception <a 'java/lang/NoSuchMethodError'{0x00000000d637f3e8}: 'int java.lang.invoke.DirectMethodHandle$Holder.invokeSpecial(java.lang.Object, java.lang.Object, int, int)'> (0x00000000d637f3e8) 
thrown [src/hotspot/share/interpreter/linkResolver.cpp, line 772]
Event: 14,719 Thread 0x00007f2ea400aea0 Exception <a 'java/lang/NoSuchMethodError'{0x00000000d62ca828}: 'int java.lang.invoke.DirectMethodHandle$Holder.invokeSpecial(java.lang.Object, java.lang.Object, int, int)'> (0x00000000d62ca828) 
thrown [src/hotspot/share/interpreter/linkResolver.cpp, line 772]
Event: 14,724 Thread 0x00007f2ec4772740 Exception <a 'java/lang/NoSuchMethodError'{0x00000000d638d468}: 'int java.lang.invoke.Invokers$Holder.linkToTargetMethod(java.lang.Object, java.lang.Object)'> (0x00000000d638d468) 
thrown [src/hotspot/share/interpreter/linkResolver.cpp, line 772]
Event: 14,724 Thread 0x00007f2ea400aea0 Exception <a 'java/lang/NoSuchMethodError'{0x00000000d62d7ab8}: 'int java.lang.invoke.Invokers$Holder.linkToTargetMethod(java.lang.Object, java.lang.Object)'> (0x00000000d62d7ab8) 
thrown [src/hotspot/share/interpreter/linkResolver.cpp, line 772]
Event: 14,727 Thread 0x00007f2ea400aea0 Exception <a 'java/lang/NoSuchMethodError'{0x00000000d6398db8}: 'int java.lang.invoke.DirectMethodHandle$Holder.invokeSpecial(java.lang.Object, java.lang.Object, java.lang.Object, java.lang.Object)'> (0x00000000d6398db8) 
thrown [src/hotspot/share/interpreter/linkResolver.cpp, line 772]
Event: 14,732 Thread 0x00007f2ea400aea0 Exception <a 'java/lang/NoSuchMethodError'{0x00000000d63e50a0}: 'java.lang.Object java.lang.invoke.DirectMethodHandle$Holder.invokeStatic(java.lang.Object, int, java.lang.Object, java.lang.Object)'> (0x00000000d63e50a0) 
thrown [src/hotspot/share/interpreter/linkResolver.cpp, line 772]
Event: 14,733 Thread 0x00007f2ea400aea0 Exception <a 'java/lang/NoSuchMethodError'{0x00000000d63e88a0}: 'java.lang.Object java.lang.invoke.DelegatingMethodHandle$Holder.delegate(java.lang.Object, int, java.lang.Object, java.lang.Object)'> (0x00000000d63e88a0) 
thrown [src/hotspot/share/interpreter/linkResolver.cpp, line 772]
Event: 14,743 Thread 0x00007f2ea400aea0 Exception <a 'java/lang/NoSuchMethodError'{0x00000000d64a1400}: 'int java.lang.invoke.Invokers$Holder.linkToTargetMethod(java.lang.Object, java.lang.Object, java.lang.Object)'> (0x00000000d64a1400) 
thrown [src/hotspot/share/interpreter/linkResolver.cpp, line 772]
Event: 14,764 Thread 0x00007f2f9c4a7b40 Exception <a 'java/io/FileNotFoundException'{0x00000000d65b7878}> (0x00000000d65b7878) 
thrown [src/hotspot/share/prims/jni.cpp, line 520]
Event: 14,819 Thread 0x00007f2ec4772740 Exception <a 'java/lang/NoSuchMethodError'{0x00000000d67dfb80}: 'java.lang.Object java.lang.invoke.DirectMethodHandle$Holder.invokeSpecialIFC(java.lang.Object, java.lang.Object, java.lang.Object, java.lang.Object)'> (0x00000000d67dfb80) 
thrown [src/hotspot/share/interpreter/linkResolver.cpp, line 772]
Event: 14,954 Thread 0x00007f2f9c4a7b40 Exception <a 'sun/nio/fs/UnixException'{0x00000000d58e8d40}> (0x00000000d58e8d40) 
thrown [src/hotspot/share/prims/jni.cpp, line 520]
Event: 15,119 Thread 0x00007f2f9c4a7b40 Exception <a 'java/lang/ClassNotFoundException'{0x00000000d61c8398}: com/sun/org/apache/xml/internal/serializer/spi/XMLEntitiesProvider> (0x00000000d61c8398) 
thrown [src/hotspot/share/classfile/systemDictionary.cpp, line 312]

ZGC Phase Switch (0 events):
No events

VM Operations (20 events):
Event: 14,184 Executing safepoint VM operation: ParallelGCFailedAllocation (Allocation Failure)
Event: 14,187 Executing safepoint VM operation: ParallelGCFailedAllocation (Allocation Failure) done
Event: 14,523 Executing safepoint VM operation: ParallelGCFailedAllocation (Allocation Failure)
Event: 14,528 Executing safepoint VM operation: ParallelGCFailedAllocation (Allocation Failure) done
Event: 14,739 Executing non-safepoint VM operation: HandshakeAllThreads (Deoptimize)
Event: 14,739 Executing non-safepoint VM operation: HandshakeAllThreads (Deoptimize) done
Event: 14,841 Executing non-safepoint VM operation: HandshakeAllThreads (Deoptimize)
Event: 14,841 Executing non-safepoint VM operation: HandshakeAllThreads (Deoptimize) done
Event: 14,849 Executing non-safepoint VM operation: HandshakeAllThreads (Deoptimize)
Event: 14,849 Executing non-safepoint VM operation: HandshakeAllThreads (Deoptimize) done
Event: 14,853 Executing non-safepoint VM operation: HandshakeAllThreads (Deoptimize)
Event: 14,853 Executing non-safepoint VM operation: HandshakeAllThreads (Deoptimize) done
Event: 14,879 Executing safepoint VM operation: ParallelGCFailedAllocation (Allocation Failure)
Event: 14,890 Executing safepoint VM operation: ParallelGCFailedAllocation (Allocation Failure) done
Event: 15,047 Executing non-safepoint VM operation: HandshakeAllThreads (Deoptimize)
Event: 15,047 Executing non-safepoint VM operation: HandshakeAllThreads (Deoptimize) done
Event: 15,115 Executing non-safepoint VM operation: HandshakeAllThreads (Deoptimize)
Event: 15,115 Executing non-safepoint VM operation: HandshakeAllThreads (Deoptimize) done
Event: 15,124 Executing non-safepoint VM operation: HandshakeAllThreads (Deoptimize)
Event: 15,124 Executing non-safepoint VM operation: HandshakeAllThreads (Deoptimize) done

Memory protections (20 events):
Event: 4,112 Protecting memory [0x00007f2f410f8000,0x00007f2f410fc000] with protection modes 0
Event: 4,138 Protecting memory [0x00007f2f40cf4000,0x00007f2f40cf8000] with protection modes 0
Event: 4,365 Protecting memory [0x00007f2f403eb000,0x00007f2f403ef000] with protection modes 0
Event: 4,366 Protecting memory [0x00007f2f402ea000,0x00007f2f402ee000] with protection modes 0
Event: 4,699 Protecting memory [0x00007f2f401e9000,0x00007f2f401ed000] with protection modes 0
Event: 5,266 Protecting memory [0x00007f2f400e8000,0x00007f2f400ec000] with protection modes 0
Event: 5,295 Protecting memory [0x00007f2ecff00000,0x00007f2ecff04000] with protection modes 0
Event: 6,561 Protecting memory [0x00007f2ecfdff000,0x00007f2ecfe03000] with protection modes 0
Event: 8,972 Protecting memory [0x00007f2f40cf4000,0x00007f2f40cf8000] with protection modes 0
Event: 9,154 Protecting memory [0x00007f2f401e9000,0x00007f2f401ed000] with protection modes 0
Event: 9,441 Protecting memory [0x00007f2f40cf4000,0x00007f2f40cf8000] with protection modes 0
Event: 10,750 Protecting memory [0x00007f2ecfafc000,0x00007f2ecfb00000] with protection modes 0
Event: 11,092 Protecting memory [0x00007f2ecf8fa000,0x00007f2ecf8fe000] with protection modes 0
Event: 11,417 Protecting memory [0x00007f2ecf7f9000,0x00007f2ecf7fd000] with protection modes 0
Event: 11,506 Protecting memory [0x00007f2ecf6f8000,0x00007f2ecf6fc000] with protection modes 0
Event: 12,239 Protecting memory [0x00007f2f40cf4000,0x00007f2f40cf8000] with protection modes 0
Event: 12,278 Protecting memory [0x00007f2ecf8fa000,0x00007f2ecf8fe000] with protection modes 0
Event: 14,641 Protecting memory [0x00007f2ecf5f7000,0x00007f2ecf5fb000] with protection modes 0
Event: 14,730 Protecting memory [0x00007f2ecf4f6000,0x00007f2ecf4fa000] with protection modes 0
Event: 14,731 Protecting memory [0x00007f2ecf3f5000,0x00007f2ecf3f9000] with protection modes 0

Nmethod flushes (0 events):
No events

Events (20 events):
Event: 9,441 Thread 0x00007f2f9c1861d0 Thread added: 0x00007f2f1c57ea10
Event: 10,749 Thread 0x00007f2f9c4a7b40 Thread added: 0x00007f2ec44bfd80
Event: 11,092 Thread 0x00007f2f9c1861d0 Thread added: 0x00007f2f1c5c86b0
Event: 11,415 Thread 0x00007f2f9c4a7b40 Thread added: 0x00007f2ec4772740
Event: 11,506 Thread 0x00007f2ec4772740 Thread added: 0x00007f2ea4002120
Event: 11,567 Thread 0x00007f2f1c5c86b0 Thread exited: 0x00007f2f1c5c86b0
Event: 12,091 Thread 0x00007f2f1c57ea10 Thread exited: 0x00007f2f1c57ea10
Event: 12,239 Thread 0x00007f2f9c1861d0 Thread added: 0x00007f2f1c66ba10
Event: 12,277 Thread 0x00007f2f9c1861d0 Thread added: 0x00007f2f1c66d790
Event: 14,641 Thread 0x00007f2ec4772740 Thread added: 0x00007f2ea400aea0
Event: 14,728 Thread 0x00007f2f9c4a7b40 Thread added: 0x00007f2ec48a7a80
Event: 14,730 Thread 0x00007f2ea4002120 Thread added: 0x00007f2ea8001b40
Event: 15,122 Thread 0x00007f2f9c429960 Thread exited: 0x00007f2f9c429960
Event: 15,122 Thread 0x00007f2f080291d0 Thread exited: 0x00007f2f080291d0
Event: 15,122 Thread 0x00007f2f9c424be0 Thread exited: 0x00007f2f9c424be0
Event: 15,122 Thread 0x00007f2efc001a00 Thread exited: 0x00007f2efc001a00
Event: 15,123 Thread 0x00007f2f9c422b00 Thread exited: 0x00007f2f9c422b00
Event: 15,125 Thread 0x00007f2f9c41faa0 Thread exited: 0x00007f2f9c41faa0
Event: 15,125 Thread 0x00007f2f9c423430 Thread exited: 0x00007f2f9c423430
Event: 15,129 Thread 0x00007f2f081ccd30 Thread exited: 0x00007f2f081ccd30


Dynamic libraries:
80000000-84300000 rw-p 00000000 00:00 0 
84300000-d5580000 ---p 00000000 00:00 0 
d5580000-d7100000 rw-p 00000000 00:00 0 
d7100000-100000000 ---p 00000000 00:00 0 
563eb7d17000-563eb7d18000 r-xp 00000000 00:1d 549315                     /home/matthias/.vscode-oss/extensions/redhat.java-1.54.0-linux-x64/jre/21.0.10-linux-x86_64/bin/java
563eb7d19000-563eb7d1a000 r--p 00001000 00:1d 549315                     /home/matthias/.vscode-oss/extensions/redhat.java-1.54.0-linux-x64/jre/21.0.10-linux-x86_64/bin/java
563eb7d1a000-563eb7d1b000 rw-p 00002000 00:1d 549315                     /home/matthias/.vscode-oss/extensions/redhat.java-1.54.0-linux-x64/jre/21.0.10-linux-x86_64/bin/java
563edfc20000-563edfc6d000 rw-p 00000000 00:00 0                          [heap]
7f2e94000000-7f2e94021000 rw-p 00000000 00:00 0 
7f2e94021000-7f2e98000000 ---p 00000000 00:00 0 
7f2e9c000000-7f2e9c022000 rw-p 00000000 00:00 0 
7f2e9c022000-7f2ea0000000 ---p 00000000 00:00 0 
7f2ea0000000-7f2ea0021000 rw-p 00000000 00:00 0 
7f2ea0021000-7f2ea4000000 ---p 00000000 00:00 0 
7f2ea4000000-7f2ea41ba000 rw-p 00000000 00:00 0 
7f2ea41ba000-7f2ea8000000 ---p 00000000 00:00 0 
7f2ea8000000-7f2ea8021000 rw-p 00000000 00:00 0 
7f2ea8021000-7f2eac000000 ---p 00000000 00:00 0 
7f2eac000000-7f2eac021000 rw-p 00000000 00:00 0 
7f2eac021000-7f2eb0000000 ---p 00000000 00:00 0 
7f2eb0000000-7f2eb0b07000 rw-p 00000000 00:00 0 
7f2eb0b07000-7f2eb4000000 ---p 00000000 00:00 0 
7f2eb4000000-7f2eb4021000 rw-p 00000000 00:00 0 
7f2eb4021000-7f2eb8000000 ---p 00000000 00:00 0 
7f2eb8000000-7f2eb8021000 rw-p 00000000 00:00 0 
7f2eb8021000-7f2ebc000000 ---p 00000000 00:00 0 
7f2ebc000000-7f2ebc021000 rw-p 00000000 00:00 0 
7f2ebc021000-7f2ec0000000 ---p 00000000 00:00 0 
7f2ec0000000-7f2ec0021000 rw-p 00000000 00:00 0 
7f2ec0021000-7f2ec4000000 ---p 00000000 00:00 0 
7f2ec4000000-7f2ec4a66000 rw-p 00000000 00:00 0 
7f2ec4a66000-7f2ec8000000 ---p 00000000 00:00 0 
7f2ec8000000-7f2ec8021000 rw-p 00000000 00:00 0 
7f2ec8021000-7f2ecc000000 ---p 00000000 00:00 0 
7f2ecf10d000-7f2ecf3f4000 rw-p 00000000 00:00 0 
7f2ecf3f4000-7f2ecf3f5000 rw-p 00000000 00:00 0 
7f2ecf3f5000-7f2ecf3f9000 ---p 00000000 00:00 0 
7f2ecf3f9000-7f2ecf4f6000 rw-p 00000000 00:00 0 
7f2ecf4f6000-7f2ecf4fa000 ---p 00000000 00:00 0 
7f2ecf4fa000-7f2ecf5f7000 rw-p 00000000 00:00 0 
7f2ecf5f7000-7f2ecf5fb000 ---p 00000000 00:00 0 
7f2ecf5fb000-7f2ecf6f8000 rw-p 00000000 00:00 0 
7f2ecf6f8000-7f2ecf6fc000 ---p 00000000 00:00 0 
7f2ecf6fc000-7f2ecf7f9000 rw-p 00000000 00:00 0 
7f2ecf7f9000-7f2ecf7fd000 ---p 00000000 00:00 0 
7f2ecf7fd000-7f2ecf8fa000 rw-p 00000000 00:00 0 
7f2ecf8fa000-7f2ecf8fe000 ---p 00000000 00:00 0 
7f2ecf8fe000-7f2ecfafc000 rw-p 00000000 00:00 0 
7f2ecfafc000-7f2ecfb00000 ---p 00000000 00:00 0 
7f2ecfb00000-7f2ecfdff000 rw-p 00000000 00:00 0 
7f2ecfdff000-7f2ecfe03000 ---p 00000000 00:00 0 
7f2ecfe03000-7f2ecff00000 rw-p 00000000 00:00 0 
7f2ecff00000-7f2ecff04000 ---p 00000000 00:00 0 
7f2ecff04000-7f2ed0000000 rw-p 00000000 00:00 0 
7f2ed0000000-7f2ed0021000 rw-p 00000000 00:00 0 
7f2ed0021000-7f2ed4000000 ---p 00000000 00:00 0 
7f2ed4000000-7f2ed4b7a000 rw-p 00000000 00:00 0 
7f2ed4b7a000-7f2ed8000000 ---p 00000000 00:00 0 
7f2ed8000000-7f2ed8021000 rw-p 00000000 00:00 0 
7f2ed8021000-7f2edc000000 ---p 00000000 00:00 0 
7f2edc000000-7f2edc021000 rw-p 00000000 00:00 0 
7f2edc021000-7f2ee0000000 ---p 00000000 00:00 0 
7f2ee0000000-7f2ee0021000 rw-p 00000000 00:00 0 
7f2ee0021000-7f2ee4000000 ---p 00000000 00:00 0 
7f2ee4000000-7f2ee4021000 rw-p 00000000 00:00 0 
7f2ee4021000-7f2ee8000000 ---p 00000000 00:00 0 
7f2ee8000000-7f2ee8021000 rw-p 00000000 00:00 0 
7f2ee8021000-7f2eec000000 ---p 00000000 00:00 0 
7f2eec000000-7f2eec021000 rw-p 00000000 00:00 0 
7f2eec021000-7f2ef0000000 ---p 00000000 00:00 0 
7f2ef0000000-7f2ef0021000 rw-p 00000000 00:00 0 
7f2ef0021000-7f2ef4000000 ---p 00000000 00:00 0 
7f2ef4000000-7f2ef4021000 rw-p 00000000 00:00 0 
7f2ef4021000-7f2ef8000000 ---p 00000000 00:00 0 
7f2ef8000000-7f2ef9253000 rw-p 00000000 00:00 0 
7f2ef9253000-7f2efc000000 ---p 00000000 00:00 0 
7f2efc000000-7f2efc021000 rw-p 00000000 00:00 0 
7f2efc021000-7f2f00000000 ---p 00000000 00:00 0 
7f2f00000000-7f2f00021000 rw-p 00000000 00:00 0 
7f2f00021000-7f2f04000000 ---p 00000000 00:00 0 
7f2f04000000-7f2f04021000 rw-p 00000000 00:00 0 
7f2f04021000-7f2f08000000 ---p 00000000 00:00 0 
7f2f08000000-7f2f0843c000 rw-p 00000000 00:00 0 
7f2f0843c000-7f2f0c000000 ---p 00000000 00:00 0 
7f2f0c000000-7f2f0c2c2000 rw-p 00000000 00:00 0 
7f2f0c2c2000-7f2f10000000 ---p 00000000 00:00 0 
7f2f10000000-7f2f10021000 rw-p 00000000 00:00 0 
7f2f10021000-7f2f14000000 ---p 00000000 00:00 0 
7f2f14000000-7f2f14022000 rw-p 00000000 00:00 0 
7f2f14022000-7f2f18000000 ---p 00000000 00:00 0 
7f2f18000000-7f2f18f7c000 rw-p 00000000 00:00 0 
7f2f18f7c000-7f2f1c000000 ---p 00000000 00:00 0 
7f2f1c000000-7f2f1c79b000 rw-p 00000000 00:00 0 
7f2f1c79b000-7f2f20000000 ---p 00000000 00:00 0 
7f2f20000000-7f2f20021000 rw-p 00000000 00:00 0 
7f2f20021000-7f2f24000000 ---p 00000000 00:00 0 
7f2f24000000-7f2f24021000 rw-p 00000000 00:00 0 
7f2f24021000-7f2f28000000 ---p 00000000 00:00 0 
7f2f28000000-7f2f28021000 rw-p 00000000 00:00 0 
7f2f28021000-7f2f2c000000 ---p 00000000 00:00 0 
7f2f2c000000-7f2f2c021000 rw-p 00000000 00:00 0 
7f2f2c021000-7f2f30000000 ---p 00000000 00:00 0 
7f2f30000000-7f2f30021000 rw-p 00000000 00:00 0 
7f2f30021000-7f2f34000000 ---p 00000000 00:00 0 
7f2f34000000-7f2f34021000 rw-p 00000000 00:00 0 
7f2f34021000-7f2f38000000 ---p 00000000 00:00 0 
7f2f38000000-7f2f38400000 rw-p 00000000 00:00 0 
7f2f38400000-7f2f38800000 rw-p 00000000 00:00 0 
7f2f38800000-7f2f38900000 rw-p 00000000 00:00 0 
7f2f38900000-7f2f38a00000 rw-p 00000000 00:00 0 
7f2f38a00000-7f2f38b00000 rw-p 00000000 00:00 0 
7f2f38b00000-7f2f38c00000 rw-p 00000000 00:00 0 
7f2f38c00000-7f2f38f00000 rw-p 00000000 00:00 0 
7f2f38f00000-7f2f39000000 rw-p 00000000 00:00 0 
7f2f39000000-7f2f39ae0000 rw-p 00000000 00:00 0 
7f2f39ae0000-7f2f39b00000 ---p 00000000 00:00 0 
7f2f39b00000-7f2f39be0000 rw-p 00000000 00:00 0 
7f2f39be0000-7f2f3c000000 ---p 00000000 00:00 0 
7f2f3c000000-7f2f3c021000 rw-p 00000000 00:00 0 
7f2f3c021000-7f2f40000000 ---p 00000000 00:00 0 
7f2f400e7000-7f2f400e8000 rw-p 00000000 00:00 0 
7f2f400e8000-7f2f400ec000 ---p 00000000 00:00 0 
7f2f400ec000-7f2f401e9000 rw-p 00000000 00:00 0 
7f2f401e9000-7f2f401ed000 ---p 00000000 00:00 0 
7f2f401ed000-7f2f402ea000 rw-p 00000000 00:00 0 
7f2f402ea000-7f2f402ee000 ---p 00000000 00:00 0 
7f2f402ee000-7f2f403eb000 rw-p 00000000 00:00 0 
7f2f403eb000-7f2f403ef000 ---p 00000000 00:00 0 
7f2f403ef000-7f2f405ed000 rw-p 00000000 00:00 0 
7f2f405ed000-7f2f405f1000 ---p 00000000 00:00 0 
7f2f405f1000-7f2f406ee000 rw-p 00000000 00:00 0 
7f2f406ee000-7f2f406f2000 ---p 00000000 00:00 0 
7f2f406f2000-7f2f407ef000 rw-p 00000000 00:00 0 
7f2f407ef000-7f2f407f3000 ---p 00000000 00:00 0 
7f2f407f3000-7f2f408f0000 rw-p 00000000 00:00 0 
7f2f408f0000-7f2f408f4000 ---p 00000000 00:00 0 
7f2f408f4000-7f2f409f1000 rw-p 00000000 00:00 0 
7f2f409f1000-7f2f409f5000 ---p 00000000 00:00 0 
7f2f409f5000-7f2f40af2000 rw-p 00000000 00:00 0 
7f2f40af2000-7f2f40af6000 ---p 00000000 00:00 0 
7f2f40af6000-7f2f40bf3000 rw-p 00000000 00:00 0 
7f2f40bf3000-7f2f40bf7000 ---p 00000000 00:00 0 
7f2f40bf7000-7f2f40cf4000 rw-p 00000000 00:00 0 
7f2f40cf4000-7f2f40cf8000 ---p 00000000 00:00 0 
7f2f40cf8000-7f2f40ff7000 rw-p 00000000 00:00 0 
7f2f40ff7000-7f2f40ffb000 ---p 00000000 00:00 0 
7f2f40ffb000-7f2f410f8000 rw-p 00000000 00:00 0 
7f2f410f8000-7f2f410fc000 ---p 00000000 00:00 0 
7f2f410fc000-7f2f411f9000 rw-p 00000000 00:00 0 
7f2f411f9000-7f2f411fd000 ---p 00000000 00:00 0 
7f2f411fd000-7f2f412fa000 rw-p 00000000 00:00 0 
7f2f412fa000-7f2f412fe000 ---p 00000000 00:00 0 
7f2f412fe000-7f2f413fb000 rw-p 00000000 00:00 0 
7f2f413fb000-7f2f413ff000 ---p 00000000 00:00 0 
7f2f413ff000-7f2f414fc000 rw-p 00000000 00:00 0 
7f2f414fc000-7f2f41500000 ---p 00000000 00:00 0 
7f2f41500000-7f2f415fd000 rw-p 00000000 00:00 0 
7f2f415fd000-7f2f41601000 ---p 00000000 00:00 0 
7f2f41601000-7f2f416fe000 rw-p 00000000 00:00 0 
7f2f416fe000-7f2f41702000 ---p 00000000 00:00 0 
7f2f41702000-7f2f417ff000 rw-p 00000000 00:00 0 
7f2f417ff000-7f2f41803000 ---p 00000000 00:00 0 
7f2f41803000-7f2f41900000 rw-p 00000000 00:00 0 
7f2f41900000-7f2f41904000 ---p 00000000 00:00 0 
7f2f41904000-7f2f41a00000 rw-p 00000000 00:00 0 
7f2f41a00000-7f2f41d48000 r--p 00000000 00:1d 2305858                    /usr/lib/locale/locale-archive
7f2f41dee000-7f2f41def000 rw-p 00000000 00:00 0 
7f2f41def000-7f2f41df3000 ---p 00000000 00:00 0 
7f2f41df3000-7f2f41ff0000 rw-p 00000000 00:00 0 
7f2f41ff0000-7f2f43000000 rw-p 00000000 00:00 0 
7f2f43000000-7f2f43bbb000 rw-p 00001000 00:1d 549349                     /home/matthias/.vscode-oss/extensions/redhat.java-1.54.0-linux-x64/jre/21.0.10-linux-x86_64/lib/server/classes.jsa
7f2f43bbb000-7f2f44000000 ---p 00000000 00:00 0 
7f2f44000000-7f2f44040000 rw-p 00000000 00:00 0 
7f2f44040000-7f2f440c0000 rw-p 00000000 00:00 0 
7f2f440c0000-7f2f44100000 rw-p 00000000 00:00 0 
7f2f44100000-7f2f44200000 rw-p 00000000 00:00 0 
7f2f44200000-7f2f44360000 rw-p 00000000 00:00 0 
7f2f44360000-7f2f84000000 ---p 00000000 00:00 0 
7f2f84000000-7f2f88021000 rw-p 00000000 00:00 0 
7f2f88021000-7f2f8c000000 ---p 00000000 00:00 0 
7f2f8c0f9000-7f2f8cc00000 rw-p 00000000 00:00 0 
7f2f8cc1f000-7f2f8cc25000 r-xp 00000000 00:1d 549248                     /home/matthias/.vscode-oss/extensions/redhat.java-1.54.0-linux-x64/jre/21.0.10-linux-x86_64/lib/libmanagement_ext.so
7f2f8cc25000-7f2f8cc26000 r--p 00005000 00:1d 549248                     /home/matthias/.vscode-oss/extensions/redhat.java-1.54.0-linux-x64/jre/21.0.10-linux-x86_64/lib/libmanagement_ext.so
7f2f8cc26000-7f2f8cc27000 rw-p 00006000 00:1d 549248                     /home/matthias/.vscode-oss/extensions/redhat.java-1.54.0-linux-x64/jre/21.0.10-linux-x86_64/lib/libmanagement_ext.so
7f2f8cc27000-7f2f8cc2b000 r-xp 00000000 00:1d 549250                     /home/matthias/.vscode-oss/extensions/redhat.java-1.54.0-linux-x64/jre/21.0.10-linux-x86_64/lib/libmanagement.so
7f2f8cc2b000-7f2f8cc2c000 r--p 00003000 00:1d 549250                     /home/matthias/.vscode-oss/extensions/redhat.java-1.54.0-linux-x64/jre/21.0.10-linux-x86_64/lib/libmanagement.so
7f2f8cc2c000-7f2f8cc2d000 rw-p 00004000 00:1d 549250                     /home/matthias/.vscode-oss/extensions/redhat.java-1.54.0-linux-x64/jre/21.0.10-linux-x86_64/lib/libmanagement.so
7f2f8cc2d000-7f2f8cc54000 r--p 00000000 00:1d 2305820                    /usr/share/locale/de/LC_MESSAGES/libc.mo
7f2f8cc54000-7f2f8cd77000 rw-p 00000000 00:00 0 
7f2f8cd77000-7f2f8d000000 ---p 00000000 00:00 0 
7f2f8d000000-7f2f8d9a0000 rwxp 00000000 00:00 0 
7f2f8d9a0000-7f2f94537000 ---p 00000000 00:00 0 
7f2f94537000-7f2f947a7000 rwxp 00000000 00:00 0 
7f2f947a7000-7f2f94ac9000 ---p 00000000 00:00 0 
7f2f94ac9000-7f2f94d39000 rwxp 00000000 00:00 0 
7f2f94d39000-7f2f9c000000 ---p 00000000 00:00 0 
7f2f9c000000-7f2f9c4b5000 rw-p 00000000 00:00 0 
7f2f9c4b5000-7f2fa0000000 ---p 00000000 00:00 0 
7f2fa0004000-7f2fa0008000 r--p 00000000 00:1d 549708                     /home/matthias/.config/VSCodium/User/globalStorage/redhat.java/1.54.0/config_linux/org.eclipse.equinox.launcher/org.eclipse.equinox.launcher.gtk.linux.x86_64_1.2.1500.v20250801-0854/eclipse_11916.so
7f2fa0008000-7f2fa0012000 r-xp 00004000 00:1d 549708                     /home/matthias/.config/VSCodium/User/globalStorage/redhat.java/1.54.0/config_linux/org.eclipse.equinox.launcher/org.eclipse.equinox.launcher.gtk.linux.x86_64_1.2.1500.v20250801-0854/eclipse_11916.so
7f2fa0012000-7f2fa0015000 r--p 0000e000 00:1d 549708                     /home/matthias/.config/VSCodium/User/globalStorage/redhat.java/1.54.0/config_linux/org.eclipse.equinox.launcher/org.eclipse.equinox.launcher.gtk.linux.x86_64_1.2.1500.v20250801-0854/eclipse_11916.so
7f2fa0015000-7f2fa0016000 r--p 00010000 00:1d 549708                     /home/matthias/.config/VSCodium/User/globalStorage/redhat.java/1.54.0/config_linux/org.eclipse.equinox.launcher/org.eclipse.equinox.launcher.gtk.linux.x86_64_1.2.1500.v20250801-0854/eclipse_11916.so
7f2fa0016000-7f2fa0017000 rw-p 00011000 00:1d 549708                     /home/matthias/.config/VSCodium/User/globalStorage/redhat.java/1.54.0/config_linux/org.eclipse.equinox.launcher/org.eclipse.equinox.launcher.gtk.linux.x86_64_1.2.1500.v20250801-0854/eclipse_11916.so
7f2fa0017000-7f2fa0018000 rw-p 00000000 00:00 0 
7f2fa0018000-7f2fa0025000 r-xp 00000000 00:1d 549238                     /home/matthias/.vscode-oss/extensions/redhat.java-1.54.0-linux-x64/jre/21.0.10-linux-x86_64/lib/libverify.so
7f2fa0025000-7f2fa0027000 r--p 0000c000 00:1d 549238                     /home/matthias/.vscode-oss/extensions/redhat.java-1.54.0-linux-x64/jre/21.0.10-linux-x86_64/lib/libverify.so
7f2fa0027000-7f2fa0028000 rw-p 0000e000 00:1d 549238                     /home/matthias/.vscode-oss/extensions/redhat.java-1.54.0-linux-x64/jre/21.0.10-linux-x86_64/lib/libverify.so
7f2fa0028000-7f2fa0034000 r-xp 00000000 00:1d 549246                     /home/matthias/.vscode-oss/extensions/redhat.java-1.54.0-linux-x64/jre/21.0.10-linux-x86_64/lib/libnet.so
7f2fa0034000-7f2fa0035000 r--p 0000b000 00:1d 549246                     /home/matthias/.vscode-oss/extensions/redhat.java-1.54.0-linux-x64/jre/21.0.10-linux-x86_64/lib/libnet.so
7f2fa0035000-7f2fa0036000 rw-p 0000c000 00:1d 549246                     /home/matthias/.vscode-oss/extensions/redhat.java-1.54.0-linux-x64/jre/21.0.10-linux-x86_64/lib/libnet.so
7f2fa0036000-7f2fa0137000 rw-p 00000000 00:00 0 
7f2fa0137000-7f2fa0213000 rw-p 00000000 00:00 0 
7f2fa0213000-7f2fa0314000 rw-p 00000000 00:00 0 
7f2fa0314000-7f2fa0336000 rw-p 00000000 00:00 0 
7f2fa0336000-7f2fa05be000 ---p 00000000 00:00 0 
7f2fa05be000-7f2fa05cd000 rw-p 00000000 00:00 0 
7f2fa05cd000-7f2fa0715000 ---p 00000000 00:00 0 
7f2fa0715000-7f2fa071a000 rw-p 00000000 00:00 0 
7f2fa071a000-7f2fa0800000 ---p 00000000 00:00 0 
7f2fa0800000-7f2fa39da000 r--s 00000000 00:1d 549236                     /home/matthias/.vscode-oss/extensions/redhat.java-1.54.0-linux-x64/jre/21.0.10-linux-x86_64/lib/modules
7f2fa39db000-7f2fa39e2000 r--s 00000000 00:1d 2305860                    /usr/lib/gconv/gconv-modules.cache
7f2fa39e2000-7f2fa39f6000 r-xp 00000000 00:1d 549245                     /home/matthias/.vscode-oss/extensions/redhat.java-1.54.0-linux-x64/jre/21.0.10-linux-x86_64/lib/libnio.so
7f2fa39f6000-7f2fa39f7000 r--p 00013000 00:1d 549245                     /home/matthias/.vscode-oss/extensions/redhat.java-1.54.0-linux-x64/jre/21.0.10-linux-x86_64/lib/libnio.so
7f2fa39f7000-7f2fa39f8000 rw-p 00014000 00:1d 549245                     /home/matthias/.vscode-oss/extensions/redhat.java-1.54.0-linux-x64/jre/21.0.10-linux-x86_64/lib/libnio.so
7f2fa39f8000-7f2fa3a13000 r-xp 00000000 00:1d 549237                     /home/matthias/.vscode-oss/extensions/redhat.java-1.54.0-linux-x64/jre/21.0.10-linux-x86_64/lib/libzip.so
7f2fa3a13000-7f2fa3a14000 r--p 0001a000 00:1d 549237                     /home/matthias/.vscode-oss/extensions/redhat.java-1.54.0-linux-x64/jre/21.0.10-linux-x86_64/lib/libzip.so
7f2fa3a14000-7f2fa3a15000 rw-p 0001b000 00:1d 549237                     /home/matthias/.vscode-oss/extensions/redhat.java-1.54.0-linux-x64/jre/21.0.10-linux-x86_64/lib/libzip.so
7f2fa3a15000-7f2fa3a29000 rw-p 00000000 00:00 0 
7f2fa3a29000-7f2fa3b00000 ---p 00000000 00:00 0 
7f2fa3b00000-7f2fa3b04000 ---p 00000000 00:00 0 
7f2fa3b04000-7f2fa3c00000 rw-p 00000000 00:00 0 
7f2fa3c00000-7f2fa501d000 r-xp 00000000 00:1d 549346                     /home/matthias/.vscode-oss/extensions/redhat.java-1.54.0-linux-x64/jre/21.0.10-linux-x86_64/lib/server/libjvm.so
7f2fa501d000-7f2fa50f2000 r--p 0141c000 00:1d 549346                     /home/matthias/.vscode-oss/extensions/redhat.java-1.54.0-linux-x64/jre/21.0.10-linux-x86_64/lib/server/libjvm.so
7f2fa50f2000-7f2fa5122000 rw-p 014f1000 00:1d 549346                     /home/matthias/.vscode-oss/extensions/redhat.java-1.54.0-linux-x64/jre/21.0.10-linux-x86_64/lib/server/libjvm.so
7f2fa5122000-7f2fa5188000 rw-p 00000000 00:00 0 
7f2fa518b000-7f2fa51f9000 rw-p 00000000 00:00 0 
7f2fa51f9000-7f2fa5200000 ---p 00000000 00:00 0 
7f2fa5200000-7f2fa5224000 r--p 00000000 00:1d 2305139                    /usr/lib/libc.so.6
7f2fa5224000-7f2fa53ce000 r-xp 00024000 00:1d 2305139                    /usr/lib/libc.so.6
7f2fa53ce000-7f2fa5445000 r--p 001ce000 00:1d 2305139                    /usr/lib/libc.so.6
7f2fa5445000-7f2fa5449000 r--p 00244000 00:1d 2305139                    /usr/lib/libc.so.6
7f2fa5449000-7f2fa544b000 rw-p 00248000 00:1d 2305139                    /usr/lib/libc.so.6
7f2fa544b000-7f2fa5453000 rw-p 00000000 00:00 0 
7f2fa5456000-7f2fa545e000 rw-s 00000000 00:35 3742                       /tmp/hsperfdata_matthias/36698
7f2fa545e000-7f2fa547f000 r-xp 00000000 00:1d 549260                     /home/matthias/.vscode-oss/extensions/redhat.java-1.54.0-linux-x64/jre/21.0.10-linux-x86_64/lib/libjava.so
7f2fa547f000-7f2fa5480000 r--p 00020000 00:1d 549260                     /home/matthias/.vscode-oss/extensions/redhat.java-1.54.0-linux-x64/jre/21.0.10-linux-x86_64/lib/libjava.so
7f2fa5480000-7f2fa5481000 rw-p 00021000 00:1d 549260                     /home/matthias/.vscode-oss/extensions/redhat.java-1.54.0-linux-x64/jre/21.0.10-linux-x86_64/lib/libjava.so
7f2fa5481000-7f2fa5482000 rw-p 00000000 00:00 0 
7f2fa5482000-7f2fa5492000 r--p 00000000 00:1d 2305149                    /usr/lib/libm.so.6
7f2fa5492000-7f2fa5527000 r-xp 00010000 00:1d 2305149                    /usr/lib/libm.so.6
7f2fa5527000-7f2fa5586000 r--p 000a5000 00:1d 2305149                    /usr/lib/libm.so.6
7f2fa5586000-7f2fa5587000 r--p 00103000 00:1d 2305149                    /usr/lib/libm.so.6
7f2fa5587000-7f2fa5588000 rw-p 00104000 00:1d 2305149                    /usr/lib/libm.so.6
7f2fa5588000-7f2fa5589000 r--p 00000000 00:1d 2305171                    /usr/lib/librt.so.1
7f2fa5589000-7f2fa558a000 r-xp 00001000 00:1d 2305171                    /usr/lib/librt.so.1
7f2fa558a000-7f2fa558b000 r--p 00002000 00:1d 2305171                    /usr/lib/librt.so.1
7f2fa558b000-7f2fa558c000 r--p 00002000 00:1d 2305171                    /usr/lib/librt.so.1
7f2fa558c000-7f2fa558d000 rw-p 00003000 00:1d 2305171                    /usr/lib/librt.so.1
7f2fa558d000-7f2fa558f000 rw-p 00000000 00:00 0 
7f2fa558f000-7f2fa5590000 r--p 00000000 00:1d 2305144                    /usr/lib/libdl.so.2
7f2fa5590000-7f2fa5591000 r-xp 00001000 00:1d 2305144                    /usr/lib/libdl.so.2
7f2fa5591000-7f2fa5592000 r--p 00002000 00:1d 2305144                    /usr/lib/libdl.so.2
7f2fa5592000-7f2fa5593000 r--p 00002000 00:1d 2305144                    /usr/lib/libdl.so.2
7f2fa5593000-7f2fa5594000 rw-p 00003000 00:1d 2305144                    /usr/lib/libdl.so.2
7f2fa5594000-7f2fa5595000 r--p 00000000 00:1d 2305166                    /usr/lib/libpthread.so.0
7f2fa5595000-7f2fa5596000 r-xp 00001000 00:1d 2305166                    /usr/lib/libpthread.so.0
7f2fa5596000-7f2fa5597000 r--p 00002000 00:1d 2305166                    /usr/lib/libpthread.so.0
7f2fa5597000-7f2fa5598000 r--p 00002000 00:1d 2305166                    /usr/lib/libpthread.so.0
7f2fa5598000-7f2fa5599000 rw-p 00003000 00:1d 2305166                    /usr/lib/libpthread.so.0
7f2fa559b000-7f2fa55a5000 r-xp 00000000 00:1d 549265                     /home/matthias/.vscode-oss/extensions/redhat.java-1.54.0-linux-x64/jre/21.0.10-linux-x86_64/lib/libinstrument.so
7f2fa55a5000-7f2fa55a6000 ---p 0000a000 00:1d 549265                     /home/matthias/.vscode-oss/extensions/redhat.java-1.54.0-linux-x64/jre/21.0.10-linux-x86_64/lib/libinstrument.so
7f2fa55a6000-7f2fa55a7000 r--p 0000a000 00:1d 549265                     /home/matthias/.vscode-oss/extensions/redhat.java-1.54.0-linux-x64/jre/21.0.10-linux-x86_64/lib/libinstrument.so
7f2fa55a7000-7f2fa55a8000 rw-p 0000b000 00:1d 549265                     /home/matthias/.vscode-oss/extensions/redhat.java-1.54.0-linux-x64/jre/21.0.10-linux-x86_64/lib/libinstrument.so
7f2fa55a8000-7f2fa55a9000 ---p 00000000 00:00 0 
7f2fa55a9000-7f2fa55aa000 r--p 00000000 00:00 0 
7f2fa55aa000-7f2fa55ab000 ---p 00000000 00:00 0 
7f2fa55ab000-7f2fa55c6000 r-xp 00000000 00:1d 549256                     /home/matthias/.vscode-oss/extensions/redhat.java-1.54.0-linux-x64/jre/21.0.10-linux-x86_64/lib/libjimage.so
7f2fa55c6000-7f2fa55c7000 ---p 0001b000 00:1d 549256                     /home/matthias/.vscode-oss/extensions/redhat.java-1.54.0-linux-x64/jre/21.0.10-linux-x86_64/lib/libjimage.so
7f2fa55c7000-7f2fa55c9000 r--p 0001b000 00:1d 549256                     /home/matthias/.vscode-oss/extensions/redhat.java-1.54.0-linux-x64/jre/21.0.10-linux-x86_64/lib/libjimage.so
7f2fa55c9000-7f2fa55ca000 rw-p 0001d000 00:1d 549256                     /home/matthias/.vscode-oss/extensions/redhat.java-1.54.0-linux-x64/jre/21.0.10-linux-x86_64/lib/libjimage.so
7f2fa55ca000-7f2fa55e3000 r-xp 00000000 00:1d 549255                     /home/matthias/.vscode-oss/extensions/redhat.java-1.54.0-linux-x64/jre/21.0.10-linux-x86_64/lib/libjli.so
7f2fa55e3000-7f2fa55e4000 r--p 00018000 00:1d 549255                     /home/matthias/.vscode-oss/extensions/redhat.java-1.54.0-linux-x64/jre/21.0.10-linux-x86_64/lib/libjli.so
7f2fa55e4000-7f2fa55e5000 rw-p 00019000 00:1d 549255                     /home/matthias/.vscode-oss/extensions/redhat.java-1.54.0-linux-x64/jre/21.0.10-linux-x86_64/lib/libjli.so
7f2fa55e5000-7f2fa55e7000 rw-p 00000000 00:00 0 
7f2fa55e7000-7f2fa55eb000 r--p 00000000 00:00 0                          [vvar]
7f2fa55eb000-7f2fa55ed000 r--p 00000000 00:00 0                          [vvar_vclock]
7f2fa55ed000-7f2fa55ef000 r-xp 00000000 00:00 0                          [vdso]
7f2fa55ef000-7f2fa55f0000 r--p 00000000 00:1d 2305130                    /usr/lib/ld-linux-x86-64.so.2
7f2fa55f0000-7f2fa561e000 r-xp 00001000 00:1d 2305130                    /usr/lib/ld-linux-x86-64.so.2
7f2fa561e000-7f2fa562d000 r--p 0002f000 00:1d 2305130                    /usr/lib/ld-linux-x86-64.so.2
7f2fa562d000-7f2fa562f000 r--p 0003e000 00:1d 2305130                    /usr/lib/ld-linux-x86-64.so.2
7f2fa562f000-7f2fa5630000 rw-p 00040000 00:1d 2305130                    /usr/lib/ld-linux-x86-64.so.2
7f2fa5630000-7f2fa5631000 rw-p 00000000 00:00 0 
7ffdf1c46000-7ffdf1c67000 rw-p 00000000 00:00 0                          [stack]
ffffffffff600000-ffffffffff601000 --xp 00000000 00:00 0                  [vsyscall]
Total number of mappings: 295

JVMTI agents:
/home/matthias/.vscode-oss/extensions/redhat.java-1.54.0-linux-x64/lombok/lombok-1.18.39-4050.jar path:none, loaded, initialized, instrumentlib options:none


VM Arguments:
jvm_args: --add-modules=ALL-SYSTEM --add-opens=java.base/java.util=ALL-UNNAMED --add-opens=java.base/java.lang=ALL-UNNAMED --add-opens=java.base/sun.nio.fs=ALL-UNNAMED -Declipse.application=org.eclipse.jdt.ls.core.id1 -Dosgi.bundles.defaultStartLevel=4 -Declipse.product=org.eclipse.jdt.ls.core.product -Djava.import.generatesMetadataFilesAtProjectRoot=false -DDetectVMInstallationsJob.disabled=true -Dfile.encoding=utf8 -XX:+UseParallelGC -XX:GCTimeRatio=4 -XX:AdaptiveSizePolicyWeight=90 -Dsun.zip.disableMemoryMapping=true -Xmx2G -Xms100m -Xlog:disable -javaagent:/home/matthias/.vscode-oss/extensions/redhat.java-1.54.0-linux-x64/lombok/lombok-1.18.39-4050.jar -XX:+HeapDumpOnOutOfMemoryError -XX:HeapDumpPath=/home/matthias/.config/VSCodium/User/workspaceStorage/7e48fe2b7041b112f6c58757e5e2ace9/redhat.java -Daether.dependencyCollector.impl=bf 
java_command: /home/matthias/.vscode-oss/extensions/redhat.java-1.54.0-linux-x64/server/plugins/org.eclipse.equinox.launcher_1.7.100.v20251111-0406.jar -configuration /home/matthias/.config/VSCodium/User/globalStorage/redhat.java/1.54.0/config_linux -data /home/matthias/.config/VSCodium/User/workspaceStorage/7e48fe2b7041b112f6c58757e5e2ace9/redhat.java/jdt_ws --pipe=/run/user/1000/lsp-86519560f93ae526904e98da3123094e.sock
java_class_path (initial): /home/matthias/.vscode-oss/extensions/redhat.java-1.54.0-linux-x64/server/plugins/org.eclipse.equinox.launcher_1.7.100.v20251111-0406.jar
Launcher Type: SUN_STANDARD

[Global flags]
    uintx AdaptiveSizePolicyWeight                 = 90                                        {product} {command line}
     intx CICompilerCount                          = 4                                         {product} {ergonomic}
    uintx GCTimeRatio                              = 4                                         {product} {command line}
     bool HeapDumpOnOutOfMemoryError               = true                                   {manageable} {command line}
    ccstr HeapDumpPath                             = /home/matthias/.config/VSCodium/User/workspaceStorage/7e48fe2b7041b112f6c58757e5e2ace9/redhat.java         {manageable} {command line}
   size_t InitialHeapSize                          = 104857600                                 {product} {command line}
   size_t MaxHeapSize                              = 2147483648                                {product} {command line}
   size_t MaxNewSize                               = 715653120                                 {product} {ergonomic}
   size_t MinHeapDeltaBytes                        = 524288                                    {product} {ergonomic}
   size_t MinHeapSize                              = 104857600                                 {product} {command line}
   size_t NewSize                                  = 34603008                                  {product} {ergonomic}
    uintx NonNMethodCodeHeapSize                   = 5839372                                {pd product} {ergonomic}
    uintx NonProfiledCodeHeapSize                  = 122909434                              {pd product} {ergonomic}
   size_t OldSize                                  = 70254592                                  {product} {ergonomic}
    uintx ProfiledCodeHeapSize                     = 122909434                              {pd product} {ergonomic}
    uintx ReservedCodeCacheSize                    = 251658240                              {pd product} {ergonomic}
     bool SegmentedCodeCache                       = true                                      {product} {ergonomic}
   size_t SoftMaxHeapSize                          = 2147483648                             {manageable} {ergonomic}
     bool UseCompressedOops                        = true                           {product lp64_product} {ergonomic}
     bool UseParallelGC                            = true                                      {product} {command line}

Logging:
Log output configuration:
 #0: stdout all=off uptime,level,tags foldmultilines=false
 #1: stderr all=off uptime,level,tags foldmultilines=false

Release file:
JAVA_VERSION="21.0.10"
MODULES="java.base java.compiler java.datatransfer java.xml java.prefs java.desktop java.instrument java.logging java.management java.security.sasl java.naming java.rmi java.management.rmi java.net.http java.scripting java.security.jgss java.transaction.xa java.sql java.sql.rowset java.xml.crypto java.se java.smartcardio jdk.accessibility jdk.internal.jvmstat jdk.attach jdk.charsets jdk.internal.opt jdk.zipfs jdk.compiler jdk.crypto.ec jdk.crypto.cryptoki jdk.dynalink jdk.internal.ed jdk.editpad jdk.hotspot.agent jdk.httpserver jdk.internal.le jdk.internal.vm.ci jdk.internal.vm.compiler jdk.internal.vm.compiler.management jdk.jartool jdk.javadoc jdk.jcmd jdk.management jdk.management.agent jdk.jconsole jdk.jdeps jdk.jdwp.agent jdk.jdi jdk.jfr jdk.jshell jdk.jsobject jdk.jstatd jdk.localedata jdk.management.jfr jdk.naming.dns jdk.naming.rmi jdk.net jdk.nio.mapmode jdk.random jdk.sctp jdk.security.auth jdk.security.jgss jdk.unsupported jdk.unsupported.desktop jdk.xml.dom"

Environment Variables:
PATH=/usr/bin/nvim-linux-x86_64/bin:/usr/local/sbin:/usr/local/bin:/usr/bin:/usr/lib/jvm/default/bin:/usr/bin/site_perl:/usr/bin/vendor_perl:/usr/bin/core_perl:/usr/lib/rustup/bin
SHELL=/bin/fish
DISPLAY=:1
WAYLAND_DISPLAY=wayland-1
LANG=de_DE.UTF-8
LC_NUMERIC=de_DE.UTF-8
LC_TIME=de_DE.UTF-8
TERM=linux

Active Locale:
LC_ALL=de_DE.UTF-8
LC_COLLATE=de_DE.UTF-8
LC_CTYPE=de_DE.UTF-8
LC_MESSAGES=de_DE.UTF-8
LC_MONETARY=de_DE.UTF-8
LC_NUMERIC=de_DE.UTF-8
LC_TIME=de_DE.UTF-8

Signal Handlers:
   SIGSEGV: crash_handler in libjvm.so, mask=11100100010111111101111111111110, flags=SA_RESTART|SA_SIGINFO, unblocked
    SIGBUS: crash_handler in libjvm.so, mask=11100100010111111101111111111110, flags=SA_RESTART|SA_SIGINFO, unblocked
    SIGFPE: crash_handler in libjvm.so, mask=11100100010111111101111111111110, flags=SA_RESTART|SA_SIGINFO, unblocked
   SIGPIPE: javaSignalHandler in libjvm.so, mask=11100100010111111101111111111110, flags=SA_RESTART|SA_SIGINFO, blocked
   SIGXFSZ: javaSignalHandler in libjvm.so, mask=11100100010111111101111111111110, flags=SA_RESTART|SA_SIGINFO, blocked
    SIGILL: crash_handler in libjvm.so, mask=11100100010111111101111111111110, flags=SA_RESTART|SA_SIGINFO, unblocked
   SIGUSR2: SR_handler in libjvm.so, mask=00000000000000000000000000000000, flags=SA_RESTART|SA_SIGINFO, blocked
    SIGHUP: UserHandler in libjvm.so, mask=11100100010111111101111111111110, flags=SA_RESTART|SA_SIGINFO, blocked
    SIGINT: UserHandler in libjvm.so, mask=11100100010111111101111111111110, flags=SA_RESTART|SA_SIGINFO, blocked
   SIGTERM: UserHandler in libjvm.so, mask=11100100010111111101111111111110, flags=SA_RESTART|SA_SIGINFO, blocked
   SIGQUIT: UserHandler in libjvm.so, mask=11100100010111111101111111111110, flags=SA_RESTART|SA_SIGINFO, blocked
   SIGTRAP: crash_handler in libjvm.so, mask=11100100010111111101111111111110, flags=SA_RESTART|SA_SIGINFO, unblocked


Periodic native trim disabled

---------------  S Y S T E M  ---------------

OS:
DISTRIB_ID=cachyos
DISTRIB_RELEASE="rolling"
DISTRIB_DESCRIPTION="CachyOS"
uname: Linux 7.1.1-2-cachyos #1 SMP PREEMPT_DYNAMIC Tue, 23 Jun 2026 21:38:08 +0000 x86_64
OS uptime: 3 days 17:41 hours
libc: glibc 2.43 NPTL 2.43 
rlimit (soft/hard): STACK 8192k/infinity , CORE infinity/infinity , NPROC 62325/62325 , NOFILE 2097152/2097152 , AS infinity/infinity , CPU infinity/infinity , DATA infinity/infinity , FSIZE infinity/infinity , MEMLOCK 8192k/8192k
load average: 2,92 1,39 0,79

/proc/meminfo:
MemTotal:       15993248 kB
MemFree:         2291148 kB
MemAvailable:   10384736 kB
Buffers:            2392 kB
Cached:          8094256 kB
SwapCached:           28 kB
Active:          3490064 kB
Inactive:        7435160 kB
Active(anon):    2045964 kB
Inactive(anon):  2214496 kB
Active(file):    1444100 kB
Inactive(file):  5220664 kB
Unevictable:      414588 kB
Mlocked:           13916 kB
SwapTotal:      15992828 kB
SwapFree:       15989856 kB
Zswap:                 0 kB
Zswapped:              0 kB
Dirty:              8608 kB
Writeback:             0 kB
AnonPages:       3115516 kB
Mapped:          1338656 kB
Shmem:           1445372 kB
KReclaimable:    1767500 kB
Slab:            1988012 kB
SReclaimable:    1767500 kB
SUnreclaim:       220512 kB
KernelStack:       22064 kB
PageTables:        56520 kB
SecPageTables:      2056 kB
NFS_Unstable:          0 kB
Bounce:                0 kB
WritebackTmp:          0 kB
CommitLimit:    23989452 kB
Committed_AS:   21081396 kB
VmallocTotal:   34359738367 kB
VmallocUsed:      133396 kB
VmallocChunk:          0 kB
Percpu:             5184 kB
HardwareCorrupted:     0 kB
AnonHugePages:    387072 kB
ShmemHugePages:        0 kB
ShmemPmdMapped:        0 kB
FileHugePages:    280576 kB
FilePmdMapped:    227328 kB
CmaTotal:              0 kB
CmaFree:               0 kB
Unaccepted:            0 kB
Balloon:               0 kB
GPUActive:             0 kB
GPUReclaim:            0 kB
HugePages_Total:       0
HugePages_Free:        0
HugePages_Rsvd:        0
HugePages_Surp:        0
Hugepagesize:       2048 kB
Hugetlb:               0 kB
DirectMap4k:      289292 kB
DirectMap2M:    12963840 kB
DirectMap1G:     4194304 kB

/sys/kernel/mm/transparent_hugepage/enabled: [always] madvise never
/sys/kernel/mm/transparent_hugepage/hpage_pmd_size: 2097152
/sys/kernel/mm/transparent_hugepage/defrag (defrag/compaction efforts parameter): always defer [defer+madvise] madvise never

Process Memory:
Virtual Size: 6458252K (peak: 6520816K)
Resident Set Size: 252400K (peak: 252400K) (anon: 215536K, file: 36832K, shmem: 32K)
Swapped out: 0K
C-Heap outstanding allocations: 80737K, retained: 39270K
glibc malloc tunables: (default)

/proc/sys/kernel/threads-max (system-wide limit on the number of threads): 124650
/proc/sys/vm/max_map_count (maximum number of memory map areas a process may have): 1048576
/proc/sys/vm/swappiness (control to define how aggressively the kernel swaps out anonymous memory): 150
/proc/sys/kernel/pid_max (system-wide limit on number of process identifiers): 4194304

container information not found.
Steal ticks since vm start: 0
Steal ticks percentage since vm start:  0,000

CPU: total 8 (initial active 8) (4 cores per cpu, 2 threads per core) family 6 model 142 stepping 12 microcode 0x100, cx8, cmov, fxsr, ht, mmx, 3dnowpref, sse, sse2, sse3, ssse3, sse4.1, sse4.2, popcnt, lzcnt, tsc, tscinvbit, avx, avx2, aes, erms, clmul, bmi1, bmi2, rtm, adx, fma, vzeroupper, clflush, clflushopt, rdtscp, f16c
CPU Model and flags from /proc/cpuinfo:
model name	: Intel(R) Core(TM) i7-10610U CPU @ 1.80GHz
flags		: fpu vme de pse tsc msr pae mce cx8 apic sep mtrr pge mca cmov pat pse36 clflush dts acpi mmx fxsr sse sse2 ss ht tm pbe syscall nx pdpe1gb rdtscp lm constant_tsc art arch_perfmon pebs bts rep_good nopl xtopology nonstop_tsc cpuid aperfmperf pni pclmulqdq dtes64 monitor ds_cpl vmx smx est tm2 ssse3 sdbg fma cx16 xtpr pdcm pcid sse4_1 sse4_2 x2apic movbe popcnt tsc_deadline_timer aes xsave avx f16c rdrand lahf_lm abm 3dnowprefetch cpuid_fault epb ssbd ibrs ibpb stibp ibrs_enhanced tpr_shadow flexpriority ept vpid ept_ad fsgsbase tsc_adjust sgx bmi1 avx2 smep bmi2 erms invpcid mpx rdseed adx smap clflushopt intel_pt xsaveopt xsavec xgetbv1 xsaves dtherm ida arat pln pts hwp hwp_notify hwp_act_window hwp_epp vnmi md_clear flush_l1d arch_capabilities

Online cpus: 0-7
Offline cpus: 
BIOS frequency limitation: <Not Available>
Frequency switch latency (ns): 0
Available cpu frequencies: <Not Available>
Current governor: powersave
Core performance/turbo boost: <Not Available>

Memory: 4k page, physical 15993248k(10384736k free), swap 15992828k(15989856k free)
Page Sizes: 4k

vm_info: OpenJDK 64-Bit Server VM (21.0.10+7-LTS) for linux-amd64 JRE (21.0.10+7-LTS), built on 2026-01-20T00:00:00Z by "admin" with gcc 11.3.0

END.
